<?xml version="1.0"?>
<link_info>
   <banner>TI ARM Linker PC v5.2.9</banner>
   <copyright>Copyright (c) 1996-2017 Texas Instruments Incorporated</copyright>
   <link_time>0x67a064e6</link_time>
   <link_errors>0x0</link_errors>
   <output_file>freertos_demo.out</output_file>
   <entry_point>
      <name>_c_int00</name>
      <address>0x3735</address>
   </entry_point>
   <input_file_list>
      <input_file id="fl-2">
         <path>.\</path>
         <kind>object</kind>
         <file>control_task.obj</file>
         <name>control_task.obj</name>
      </input_file>
      <input_file id="fl-3">
         <path>.\</path>
         <kind>object</kind>
         <file>demo.obj</file>
         <name>demo.obj</name>
      </input_file>
      <input_file id="fl-4">
         <path>.\</path>
         <kind>object</kind>
         <file>devices.obj</file>
         <name>devices.obj</name>
      </input_file>
      <input_file id="fl-5">
         <path>.\</path>
         <kind>object</kind>
         <file>main.obj</file>
         <name>main.obj</name>
      </input_file>
      <input_file id="fl-6">
         <path>.\</path>
         <kind>object</kind>
         <file>rooms.obj</file>
         <name>rooms.obj</name>
      </input_file>
      <input_file id="fl-7">
         <path>.\</path>
         <kind>object</kind>
         <file>sensors.obj</file>
         <name>sensors.obj</name>
      </input_file>
      <input_file id="fl-8">
         <path>.\</path>
         <kind>object</kind>
         <file>startup_ccs.obj</file>
         <name>startup_ccs.obj</name>
      </input_file>
      <input_file id="fl-9">
         <path>.\</path>
         <kind>object</kind>
         <file>wrapper.obj</file>
         <name>wrapper.obj</name>
      </input_file>
      <input_file id="fl-a">
         <path>.\drivers\</path>
         <kind>object</kind>
         <file>buttons.obj</file>
         <name>buttons.obj</name>
      </input_file>
      <input_file id="fl-b">
         <path>.\drivers\</path>
         <kind>object</kind>
         <file>rgb.obj</file>
         <name>rgb.obj</name>
      </input_file>
      <input_file id="fl-c">
         <path>.\third_party\FreeRTOS\Source\</path>
         <kind>object</kind>
         <file>list.obj</file>
         <name>list.obj</name>
      </input_file>
      <input_file id="fl-d">
         <path>.\third_party\FreeRTOS\Source\</path>
         <kind>object</kind>
         <file>queue.obj</file>
         <name>queue.obj</name>
      </input_file>
      <input_file id="fl-e">
         <path>.\third_party\FreeRTOS\Source\</path>
         <kind>object</kind>
         <file>tasks.obj</file>
         <name>tasks.obj</name>
      </input_file>
      <input_file id="fl-f">
         <path>.\third_party\FreeRTOS\Source\portable\CCS\ARM_CM4F\</path>
         <kind>object</kind>
         <file>port.obj</file>
         <name>port.obj</name>
      </input_file>
      <input_file id="fl-10">
         <path>.\third_party\FreeRTOS\Source\portable\CCS\ARM_CM4F\</path>
         <kind>object</kind>
         <file>portasm.obj</file>
         <name>portasm.obj</name>
      </input_file>
      <input_file id="fl-11">
         <path>.\third_party\FreeRTOS\Source\portable\MemMang\</path>
         <kind>object</kind>
         <file>heap_4.obj</file>
         <name>heap_4.obj</name>
      </input_file>
      <input_file id="fl-12">
         <path>.\utils\</path>
         <kind>object</kind>
         <file>uartstdio.obj</file>
         <name>uartstdio.obj</name>
      </input_file>
      <input_file id="fl-13">
         <path>.\utils\</path>
         <kind>object</kind>
         <file>ustdlib.obj</file>
         <name>ustdlib.obj</name>
      </input_file>
      <input_file id="fl-13a">
         <path>C:\ti\ccs1260\ccs\tools\compiler\ti-cgt-arm_5.2.9\lib\</path>
         <kind>archive</kind>
         <file>rtsv7M4_T_le_v4SPD16_eabi.lib</file>
         <name>boot.obj</name>
      </input_file>
      <input_file id="fl-13b">
         <path>C:\ti\ccs1260\ccs\tools\compiler\ti-cgt-arm_5.2.9\lib\</path>
         <kind>archive</kind>
         <file>rtsv7M4_T_le_v4SPD16_eabi.lib</file>
         <name>copy_decompress_none.obj</name>
      </input_file>
      <input_file id="fl-13c">
         <path>C:\ti\ccs1260\ccs\tools\compiler\ti-cgt-arm_5.2.9\lib\</path>
         <kind>archive</kind>
         <file>rtsv7M4_T_le_v4SPD16_eabi.lib</file>
         <name>copy_decompress_rle.obj</name>
      </input_file>
      <input_file id="fl-13d">
         <path>C:\ti\ccs1260\ccs\tools\compiler\ti-cgt-arm_5.2.9\lib\</path>
         <kind>archive</kind>
         <file>rtsv7M4_T_le_v4SPD16_eabi.lib</file>
         <name>copy_zero_init.obj</name>
      </input_file>
      <input_file id="fl-13e">
         <path>C:\ti\ccs1260\ccs\tools\compiler\ti-cgt-arm_5.2.9\lib\</path>
         <kind>archive</kind>
         <file>rtsv7M4_T_le_v4SPD16_eabi.lib</file>
         <name>delete.obj</name>
      </input_file>
      <input_file id="fl-13f">
         <path>C:\ti\ccs1260\ccs\tools\compiler\ti-cgt-arm_5.2.9\lib\</path>
         <kind>archive</kind>
         <file>rtsv7M4_T_le_v4SPD16_eabi.lib</file>
         <name>dtor_list.obj</name>
      </input_file>
      <input_file id="fl-140">
         <path>C:\ti\ccs1260\ccs\tools\compiler\ti-cgt-arm_5.2.9\lib\</path>
         <kind>archive</kind>
         <file>rtsv7M4_T_le_v4SPD16_eabi.lib</file>
         <name>exit.obj</name>
      </input_file>
      <input_file id="fl-141">
         <path>C:\ti\ccs1260\ccs\tools\compiler\ti-cgt-arm_5.2.9\lib\</path>
         <kind>archive</kind>
         <file>rtsv7M4_T_le_v4SPD16_eabi.lib</file>
         <name>fs_toull_t2.obj</name>
      </input_file>
      <input_file id="fl-142">
         <path>C:\ti\ccs1260\ccs\tools\compiler\ti-cgt-arm_5.2.9\lib\</path>
         <kind>archive</kind>
         <file>rtsv7M4_T_le_v4SPD16_eabi.lib</file>
         <name>guard.obj</name>
      </input_file>
      <input_file id="fl-143">
         <path>C:\ti\ccs1260\ccs\tools\compiler\ti-cgt-arm_5.2.9\lib\</path>
         <kind>archive</kind>
         <file>rtsv7M4_T_le_v4SPD16_eabi.lib</file>
         <name>memcpy_t2.obj</name>
      </input_file>
      <input_file id="fl-144">
         <path>C:\ti\ccs1260\ccs\tools\compiler\ti-cgt-arm_5.2.9\lib\</path>
         <kind>archive</kind>
         <file>rtsv7M4_T_le_v4SPD16_eabi.lib</file>
         <name>memmov.obj</name>
      </input_file>
      <input_file id="fl-145">
         <path>C:\ti\ccs1260\ccs\tools\compiler\ti-cgt-arm_5.2.9\lib\</path>
         <kind>archive</kind>
         <file>rtsv7M4_T_le_v4SPD16_eabi.lib</file>
         <name>memory.obj</name>
      </input_file>
      <input_file id="fl-146">
         <path>C:\ti\ccs1260\ccs\tools\compiler\ti-cgt-arm_5.2.9\lib\</path>
         <kind>archive</kind>
         <file>rtsv7M4_T_le_v4SPD16_eabi.lib</file>
         <name>memset_t2.obj</name>
      </input_file>
      <input_file id="fl-147">
         <path>C:\ti\ccs1260\ccs\tools\compiler\ti-cgt-arm_5.2.9\lib\</path>
         <kind>archive</kind>
         <file>rtsv7M4_T_le_v4SPD16_eabi.lib</file>
         <name>new_.obj</name>
      </input_file>
      <input_file id="fl-148">
         <path>C:\ti\ccs1260\ccs\tools\compiler\ti-cgt-arm_5.2.9\lib\</path>
         <kind>archive</kind>
         <file>rtsv7M4_T_le_v4SPD16_eabi.lib</file>
         <name>newhandler.obj</name>
      </input_file>
      <input_file id="fl-149">
         <path>C:\ti\ccs1260\ccs\tools\compiler\ti-cgt-arm_5.2.9\lib\</path>
         <kind>archive</kind>
         <file>rtsv7M4_T_le_v4SPD16_eabi.lib</file>
         <name>pre_init.obj</name>
      </input_file>
      <input_file id="fl-14a">
         <path>C:\ti\ccs1260\ccs\tools\compiler\ti-cgt-arm_5.2.9\lib\</path>
         <kind>archive</kind>
         <file>rtsv7M4_T_le_v4SPD16_eabi.lib</file>
         <name>stkdepth_vars.obj</name>
      </input_file>
      <input_file id="fl-14b">
         <path>C:\ti\ccs1260\ccs\tools\compiler\ti-cgt-arm_5.2.9\lib\</path>
         <kind>archive</kind>
         <file>rtsv7M4_T_le_v4SPD16_eabi.lib</file>
         <name>string.obj</name>
      </input_file>
      <input_file id="fl-14c">
         <path>C:\ti\ccs1260\ccs\tools\compiler\ti-cgt-arm_5.2.9\lib\</path>
         <kind>archive</kind>
         <file>rtsv7M4_T_le_v4SPD16_eabi.lib</file>
         <name>strlen.obj</name>
      </input_file>
      <input_file id="fl-14d">
         <path>C:\ti\ccs1260\ccs\tools\compiler\ti-cgt-arm_5.2.9\lib\</path>
         <kind>archive</kind>
         <file>rtsv7M4_T_le_v4SPD16_eabi.lib</file>
         <name>throw.obj</name>
      </input_file>
      <input_file id="fl-14e">
         <path>C:\ti\ccs1260\ccs\tools\compiler\ti-cgt-arm_5.2.9\lib\</path>
         <kind>archive</kind>
         <file>rtsv7M4_T_le_v4SPD16_eabi.lib</file>
         <name>typeinfo_.obj</name>
      </input_file>
      <input_file id="fl-14f">
         <path>C:\ti\ccs1260\ccs\tools\compiler\ti-cgt-arm_5.2.9\lib\</path>
         <kind>archive</kind>
         <file>rtsv7M4_T_le_v4SPD16_eabi.lib</file>
         <name>u_divt2.obj</name>
      </input_file>
      <input_file id="fl-150">
         <path>C:\ti\ccs1260\ccs\tools\compiler\ti-cgt-arm_5.2.9\lib\</path>
         <kind>archive</kind>
         <file>rtsv7M4_T_le_v4SPD16_eabi.lib</file>
         <name>vars.obj</name>
      </input_file>
      <input_file id="fl-151">
         <path>C:\ti\ccs1260\ccs\tools\compiler\ti-cgt-arm_5.2.9\lib\</path>
         <kind>archive</kind>
         <file>rtsv7M4_T_le_v4SPD16_eabi.lib</file>
         <name>_lock.obj</name>
      </input_file>
      <input_file id="fl-152">
         <path>C:\ti\ccs1260\ccs\tools\compiler\ti-cgt-arm_5.2.9\lib\</path>
         <kind>archive</kind>
         <file>rtsv7M4_T_le_v4SPD16_eabi.lib</file>
         <name>args_main.obj</name>
      </input_file>
      <input_file id="fl-153">
         <path>C:\ti\ccs1260\ccs\tools\compiler\ti-cgt-arm_5.2.9\lib\</path>
         <kind>archive</kind>
         <file>rtsv7M4_T_le_v4SPD16_eabi.lib</file>
         <name>autoinit.obj</name>
      </input_file>
      <input_file id="fl-154">
         <path>C:\ti\ccs1260\ccs\tools\compiler\ti-cgt-arm_5.2.9\lib\</path>
         <kind>archive</kind>
         <file>rtsv7M4_T_le_v4SPD16_eabi.lib</file>
         <name>cpy_tbl.obj</name>
      </input_file>
      <input_file id="fl-155">
         <path>C:\ti\ccs1260\ccs\tools\compiler\ti-cgt-arm_5.2.9\lib\</path>
         <kind>archive</kind>
         <file>rtsv7M4_T_le_v4SPD16_eabi.lib</file>
         <name>defs.obj</name>
      </input_file>
      <input_file id="fl-156">
         <path>C:\ti\ccs1260\ccs\tools\compiler\ti-cgt-arm_5.2.9\lib\</path>
         <kind>archive</kind>
         <file>rtsv7M4_T_le_v4SPD16_eabi.lib</file>
         <name>fflush.obj</name>
      </input_file>
      <input_file id="fl-157">
         <path>C:\ti\ccs1260\ccs\tools\compiler\ti-cgt-arm_5.2.9\lib\</path>
         <kind>archive</kind>
         <file>rtsv7M4_T_le_v4SPD16_eabi.lib</file>
         <name>fputs.obj</name>
      </input_file>
      <input_file id="fl-158">
         <path>C:\ti\ccs1260\ccs\tools\compiler\ti-cgt-arm_5.2.9\lib\</path>
         <kind>archive</kind>
         <file>rtsv7M4_T_le_v4SPD16_eabi.lib</file>
         <name>i_div0.obj</name>
      </input_file>
      <input_file id="fl-159">
         <path>C:\ti\ccs1260\ccs\tools\compiler\ti-cgt-arm_5.2.9\lib\</path>
         <kind>archive</kind>
         <file>rtsv7M4_T_le_v4SPD16_eabi.lib</file>
         <name>lowlev.obj</name>
      </input_file>
      <input_file id="fl-15a">
         <path>C:\ti\ccs1260\ccs\tools\compiler\ti-cgt-arm_5.2.9\lib\</path>
         <kind>archive</kind>
         <file>rtsv7M4_T_le_v4SPD16_eabi.lib</file>
         <name>memchr.obj</name>
      </input_file>
      <input_file id="fl-15b">
         <path>C:\ti\ccs1260\ccs\tools\compiler\ti-cgt-arm_5.2.9\lib\</path>
         <kind>archive</kind>
         <file>rtsv7M4_T_le_v4SPD16_eabi.lib</file>
         <name>raisehan.obj</name>
      </input_file>
      <input_file id="fl-15c">
         <path>C:\ti\ccs1260\ccs\tools\compiler\ti-cgt-arm_5.2.9\lib\</path>
         <kind>archive</kind>
         <file>rtsv7M4_T_le_v4SPD16_eabi.lib</file>
         <name>strchr.obj</name>
      </input_file>
      <input_file id="fl-15d">
         <path>C:\ti\ccs1260\ccs\tools\compiler\ti-cgt-arm_5.2.9\lib\</path>
         <kind>archive</kind>
         <file>rtsv7M4_T_le_v4SPD16_eabi.lib</file>
         <name>strcmp.obj</name>
      </input_file>
      <input_file id="fl-15e">
         <path>C:\ti\ccs1260\ccs\tools\compiler\ti-cgt-arm_5.2.9\lib\</path>
         <kind>archive</kind>
         <file>rtsv7M4_T_le_v4SPD16_eabi.lib</file>
         <name>strncpy.obj</name>
      </input_file>
      <input_file id="fl-15f">
         <path>C:\ti\ccs1260\ccs\tools\compiler\ti-cgt-arm_5.2.9\lib\</path>
         <kind>archive</kind>
         <file>rtsv7M4_T_le_v4SPD16_eabi.lib</file>
         <name>trgdrv.obj</name>
      </input_file>
      <input_file id="fl-160">
         <path>C:\ti\ccs1260\ccs\tools\compiler\ti-cgt-arm_5.2.9\lib\</path>
         <kind>archive</kind>
         <file>rtsv7M4_T_le_v4SPD16_eabi.lib</file>
         <name>trgmsg.obj</name>
      </input_file>
      <input_file id="fl-161">
         <path>C:\ti\ccs1260\ccs\tools\compiler\ti-cgt-arm_5.2.9\lib\</path>
         <kind>archive</kind>
         <file>rtsv7M4_T_le_v4SPD16_eabi.lib</file>
         <name>_io_perm.obj</name>
      </input_file>
      <input_file id="fl-162">
         <path>C:\ti\ccs1260\ccs\tools\compiler\ti-cgt-arm_5.2.9\lib\</path>
         <kind>archive</kind>
         <file>rtsv7M4_T_le_v4SPD16_eabi.lib</file>
         <name>fseek.obj</name>
      </input_file>
      <input_file id="fl-163">
         <path>C:\ti\ccs1260\ccs\tools\compiler\ti-cgt-arm_5.2.9\lib\</path>
         <kind>archive</kind>
         <file>rtsv7M4_T_le_v4SPD16_eabi.lib</file>
         <name>setvbuf.obj</name>
      </input_file>
      <input_file id="fl-164">
         <path>C:\ti\ccs1260\ccs\tools\compiler\ti-cgt-arm_5.2.9\lib\</path>
         <kind>archive</kind>
         <file>rtsv7M4_T_le_v4SPD16_eabi.lib</file>
         <name>strcpy.obj</name>
      </input_file>
      <input_file id="fl-165">
         <path>C:\ti\ccs1260\ccs\tools\compiler\ti-cgt-arm_5.2.9\lib\</path>
         <kind>archive</kind>
         <file>rtsv7M4_T_le_v4SPD16_eabi.lib</file>
         <name>fopen.obj</name>
      </input_file>
      <input_file id="fl-166">
         <path>C:\ti\ccs1260\ccs\tools\compiler\ti-cgt-arm_5.2.9\lib\</path>
         <kind>archive</kind>
         <file>rtsv7M4_T_le_v4SPD16_eabi.lib</file>
         <name>fclose.obj</name>
      </input_file>
      <input_file id="fl-167">
         <path>C:\ti\ccs1260\ccs\tools\compiler\ti-cgt-arm_5.2.9\lib\</path>
         <kind>archive</kind>
         <file>rtsv7M4_T_le_v4SPD16_eabi.lib</file>
         <name>remove.obj</name>
      </input_file>
      <input_file id="fl-168">
         <path>C:\ti\tivaware_c_series_2_1_4_178\driverlib\ccs\Debug\</path>
         <kind>archive</kind>
         <file>driverlib.lib</file>
         <name>sysctl.obj</name>
      </input_file>
      <input_file id="fl-169">
         <path>C:\ti\tivaware_c_series_2_1_4_178\driverlib\ccs\Debug\</path>
         <kind>archive</kind>
         <file>driverlib.lib</file>
         <name>uart.obj</name>
      </input_file>
      <input_file id="fl-16a">
         <path>C:\ti\tivaware_c_series_2_1_4_178\driverlib\ccs\Debug\</path>
         <kind>archive</kind>
         <file>driverlib.lib</file>
         <name>cpu.obj</name>
      </input_file>
      <input_file id="fl-16b">
         <path>C:\ti\tivaware_c_series_2_1_4_178\driverlib\ccs\Debug\</path>
         <kind>archive</kind>
         <file>driverlib.lib</file>
         <name>interrupt.obj</name>
      </input_file>
   </input_file_list>
   <object_component_list>
      <object_component id="oc-f">
         <name>.intvecs</name>
         <load_address>0x0</load_address>
         <run_address>0x0</run_address>
         <size>0x26c</size>
         <input_file_ref idref="fl-8"/>
      </object_component>
      <object_component id="oc-226">
         <name>.text:ControlTask</name>
         <load_address>0x26c</load_address>
         <run_address>0x26c</run_address>
         <size>0x9d6</size>
         <input_file_ref idref="fl-2"/>
      </object_component>
      <object_component id="oc-39">
         <name>.text:FaultISR</name>
         <load_address>0xc42</load_address>
         <run_address>0xc42</run_address>
         <size>0x2</size>
         <input_file_ref idref="fl-8"/>
      </object_component>
      <object_component id="oc-275">
         <name>.text</name>
         <load_address>0xc44</load_address>
         <run_address>0xc44</run_address>
         <size>0x3dc</size>
         <input_file_ref idref="fl-145"/>
      </object_component>
      <object_component id="oc-6bf">
         <name>.text</name>
         <load_address>0x1020</load_address>
         <run_address>0x1020</run_address>
         <size>0x30c</size>
         <input_file_ref idref="fl-159"/>
      </object_component>
      <object_component id="oc-7f4">
         <name>.text</name>
         <load_address>0x132c</load_address>
         <run_address>0x132c</run_address>
         <size>0x2d4</size>
         <input_file_ref idref="fl-15f"/>
      </object_component>
      <object_component id="oc-4e4">
         <name>.text:UARTvprintf</name>
         <load_address>0x1600</load_address>
         <run_address>0x1600</run_address>
         <size>0x1ea</size>
         <input_file_ref idref="fl-12"/>
      </object_component>
      <object_component id="oc-3f">
         <name>.text:IntDefaultHandler</name>
         <load_address>0x17ea</load_address>
         <run_address>0x17ea</run_address>
         <size>0x2</size>
         <input_file_ref idref="fl-8"/>
      </object_component>
      <object_component id="oc-80a">
         <name>.text</name>
         <load_address>0x17ec</load_address>
         <run_address>0x17ec</run_address>
         <size>0x1c4</size>
         <input_file_ref idref="fl-165"/>
      </object_component>
      <object_component id="oc-619">
         <name>.text</name>
         <load_address>0x19b0</load_address>
         <run_address>0x19b0</run_address>
         <size>0x134</size>
         <input_file_ref idref="fl-157"/>
      </object_component>
      <object_component id="oc-25c">
         <name>.text</name>
         <load_address>0x1ae4</load_address>
         <run_address>0x1ae4</run_address>
         <size>0x12c</size>
         <input_file_ref idref="fl-14b"/>
      </object_component>
      <object_component id="oc-392">
         <name>.text:printHeader</name>
         <load_address>0x1c10</load_address>
         <run_address>0x1c10</run_address>
         <size>0x105</size>
         <input_file_ref idref="fl-2"/>
      </object_component>
      <object_component id="oc-33">
         <name>.text:NmiSR</name>
         <load_address>0x1d16</load_address>
         <run_address>0x1d16</run_address>
         <size>0x2</size>
         <input_file_ref idref="fl-8"/>
      </object_component>
      <object_component id="oc-21d">
         <name>.text:xTaskGenericCreate</name>
         <load_address>0x1d18</load_address>
         <run_address>0x1d18</run_address>
         <size>0x104</size>
         <input_file_ref idref="fl-e"/>
      </object_component>
      <object_component id="oc-a9">
         <name>.text:xTaskIncrementTick</name>
         <load_address>0x1e1c</load_address>
         <run_address>0x1e1c</run_address>
         <size>0x104</size>
         <input_file_ref idref="fl-e"/>
      </object_component>
      <object_component id="oc-20b">
         <name>.text:RGBInit</name>
         <load_address>0x1f20</load_address>
         <run_address>0x1f20</run_address>
         <size>0x100</size>
         <input_file_ref idref="fl-b"/>
      </object_component>
      <object_component id="oc-1cd">
         <name>.text</name>
         <load_address>0x2020</load_address>
         <run_address>0x2020</run_address>
         <size>0xf4</size>
         <input_file_ref idref="fl-13f"/>
      </object_component>
      <object_component id="oc-1bf">
         <name>.text:_ZNSs5_GrowEjb</name>
         <load_address>0x2114</load_address>
         <run_address>0x2114</run_address>
         <size>0xe8</size>
         <input_file_ref idref="fl-3"/>
      </object_component>
      <object_component id="oc-1fe">
         <name>.text:xQueueGenericSend</name>
         <load_address>0x21fc</load_address>
         <run_address>0x21fc</run_address>
         <size>0xe8</size>
         <input_file_ref idref="fl-d"/>
      </object_component>
      <object_component id="oc-2fe">
         <name>.text:xTaskResumeAll</name>
         <load_address>0x22e4</load_address>
         <run_address>0x22e4</run_address>
         <size>0xe4</size>
         <input_file_ref idref="fl-e"/>
      </object_component>
      <object_component id="oc-773">
         <name>.text</name>
         <load_address>0x23c8</load_address>
         <run_address>0x23c8</run_address>
         <size>0xdc</size>
         <input_file_ref idref="fl-163"/>
      </object_component>
      <object_component id="oc-45">
         <name>.text</name>
         <load_address>0x24a4</load_address>
         <run_address>0x24a4</run_address>
         <size>0xd2</size>
         <input_file_ref idref="fl-10"/>
      </object_component>
      <object_component id="oc-5f2">
         <name>.text:_ZNKSt9exception8_DoraiseEv</name>
         <load_address>0x2576</load_address>
         <run_address>0x2576</run_address>
         <size>0x2</size>
         <input_file_ref idref="fl-14b"/>
      </object_component>
      <object_component id="oc-613">
         <name>.text</name>
         <load_address>0x2578</load_address>
         <run_address>0x2578</run_address>
         <size>0xc8</size>
         <input_file_ref idref="fl-156"/>
      </object_component>
      <object_component id="oc-34a">
         <name>.text:RGBEnable</name>
         <load_address>0x2640</load_address>
         <run_address>0x2640</run_address>
         <size>0xc0</size>
         <input_file_ref idref="fl-b"/>
      </object_component>
      <object_component id="oc-1f2">
         <name>.text:pvPortMalloc</name>
         <load_address>0x2700</load_address>
         <run_address>0x2700</run_address>
         <size>0xc0</size>
         <input_file_ref idref="fl-11"/>
      </object_component>
      <object_component id="oc-13c">
         <name>.text:demo_get_message</name>
         <load_address>0x27c0</load_address>
         <run_address>0x27c0</run_address>
         <size>0xbc</size>
         <input_file_ref idref="fl-3"/>
      </object_component>
      <object_component id="oc-6ec">
         <name>.text</name>
         <load_address>0x287c</load_address>
         <run_address>0x287c</run_address>
         <size>0xbc</size>
         <input_file_ref idref="fl-14e"/>
      </object_component>
      <object_component id="oc-6ca">
         <name>.text</name>
         <load_address>0x2938</load_address>
         <run_address>0x2938</run_address>
         <size>0xac</size>
         <input_file_ref idref="fl-161"/>
      </object_component>
      <object_component id="oc-53">
         <name>.text</name>
         <load_address>0x29e4</load_address>
         <run_address>0x29e4</run_address>
         <size>0x9c</size>
         <input_file_ref idref="fl-143"/>
      </object_component>
      <object_component id="oc-879">
         <name>.text</name>
         <load_address>0x2a80</load_address>
         <run_address>0x2a80</run_address>
         <size>0x98</size>
         <input_file_ref idref="fl-166"/>
      </object_component>
      <object_component id="oc-217">
         <name>.text:RGBColorSet</name>
         <load_address>0x2b18</load_address>
         <run_address>0x2b18</run_address>
         <size>0x90</size>
         <input_file_ref idref="fl-b"/>
      </object_component>
      <object_component id="oc-a2">
         <name>.text:vTaskSwitchContext</name>
         <load_address>0x2ba8</load_address>
         <run_address>0x2ba8</run_address>
         <size>0x8c</size>
         <input_file_ref idref="fl-e"/>
      </object_component>
      <object_component id="oc-72f">
         <name>.text:_ZNK4Room8describeEv</name>
         <load_address>0x2c34</load_address>
         <run_address>0x2c34</run_address>
         <size>0x81</size>
         <input_file_ref idref="fl-6"/>
      </object_component>
      <object_component id="oc-5dd">
         <name>.text:_ZNSt9exceptionD1Ev</name>
         <load_address>0x2cb6</load_address>
         <run_address>0x2cb6</run_address>
         <size>0x2</size>
         <input_file_ref idref="fl-14b"/>
      </object_component>
      <object_component id="oc-498">
         <name>.text:xTaskPriorityDisinherit</name>
         <load_address>0x2cb8</load_address>
         <run_address>0x2cb8</run_address>
         <size>0x7c</size>
         <input_file_ref idref="fl-e"/>
      </object_component>
      <object_component id="oc-1b8">
         <name>.text:_ZNSs6assignERKSsjj</name>
         <load_address>0x2d34</load_address>
         <run_address>0x2d34</run_address>
         <size>0x7a</size>
         <input_file_ref idref="fl-3"/>
      </object_component>
      <object_component id="oc-6c">
         <name>.text</name>
         <load_address>0x2dae</load_address>
         <run_address>0x2dae</run_address>
         <size>0x7a</size>
         <input_file_ref idref="fl-146"/>
      </object_component>
      <object_component id="oc-595">
         <name>.text:_ZN4RoomC1Ei</name>
         <load_address>0x2e28</load_address>
         <run_address>0x2e28</run_address>
         <size>0x78</size>
         <input_file_ref idref="fl-6"/>
      </object_component>
      <object_component id="oc-410">
         <name>.text:_ZNSsC1EPKc</name>
         <load_address>0x2ea0</load_address>
         <run_address>0x2ea0</run_address>
         <size>0x78</size>
         <input_file_ref idref="fl-14b"/>
      </object_component>
      <object_component id="oc-33c">
         <name>.text:xTaskRemoveFromEventList</name>
         <load_address>0x2f18</load_address>
         <run_address>0x2f18</run_address>
         <size>0x74</size>
         <input_file_ref idref="fl-e"/>
      </object_component>
      <object_component id="oc-336">
         <name>.text:prvCopyDataToQueue</name>
         <load_address>0x2f8c</load_address>
         <run_address>0x2f8c</run_address>
         <size>0x72</size>
         <input_file_ref idref="fl-d"/>
      </object_component>
      <object_component id="oc-136">
         <name>.text:demo_init</name>
         <load_address>0x2ffe</load_address>
         <run_address>0x2ffe</run_address>
         <size>0x2</size>
         <input_file_ref idref="fl-3"/>
      </object_component>
      <object_component id="oc-148">
         <name>.text:ControlTaskInit</name>
         <load_address>0x3000</load_address>
         <run_address>0x3000</run_address>
         <size>0x70</size>
         <input_file_ref idref="fl-2"/>
      </object_component>
      <object_component id="oc-2f2">
         <name>.text:prvHeapInit</name>
         <load_address>0x3070</load_address>
         <run_address>0x3070</run_address>
         <size>0x70</size>
         <input_file_ref idref="fl-11"/>
      </object_component>
      <object_component id="oc-7e">
         <name>.text</name>
         <load_address>0x30e0</load_address>
         <run_address>0x30e0</run_address>
         <size>0x6c</size>
         <input_file_ref idref="fl-153"/>
      </object_component>
      <object_component id="oc-5f">
         <name>.text</name>
         <load_address>0x314c</load_address>
         <run_address>0x314c</run_address>
         <size>0x6a</size>
         <input_file_ref idref="fl-13c"/>
      </object_component>
      <object_component id="oc-6a5">
         <name>.text</name>
         <load_address>0x31b6</load_address>
         <run_address>0x31b6</run_address>
         <size>0x2</size>
         <input_file_ref idref="fl-158"/>
      </object_component>
      <object_component id="oc-862">
         <name>.text</name>
         <load_address>0x31b8</load_address>
         <run_address>0x31b8</run_address>
         <size>0x68</size>
         <input_file_ref idref="fl-160"/>
      </object_component>
      <object_component id="oc-130">
         <name>.text:ConfigureUART</name>
         <load_address>0x3220</load_address>
         <run_address>0x3220</run_address>
         <size>0x64</size>
         <input_file_ref idref="fl-5"/>
      </object_component>
      <object_component id="oc-76d">
         <name>.text</name>
         <load_address>0x3284</load_address>
         <run_address>0x3284</run_address>
         <size>0x64</size>
         <input_file_ref idref="fl-162"/>
      </object_component>
      <object_component id="oc-330">
         <name>.text:vTaskPlaceOnEventList</name>
         <load_address>0x32e8</load_address>
         <run_address>0x32e8</run_address>
         <size>0x64</size>
         <input_file_ref idref="fl-e"/>
      </object_component>
      <object_component id="oc-324">
         <name>.text:prvUnlockQueue</name>
         <load_address>0x334c</load_address>
         <run_address>0x334c</run_address>
         <size>0x62</size>
         <input_file_ref idref="fl-d"/>
      </object_component>
      <object_component id="oc-450">
         <name>.text</name>
         <load_address>0x33ae</load_address>
         <run_address>0x33ae</run_address>
         <size>0x2</size>
         <input_file_ref idref="fl-148"/>
      </object_component>
      <object_component id="oc-1a4">
         <name>.text:UARTStdioConfig</name>
         <load_address>0x33b0</load_address>
         <run_address>0x33b0</run_address>
         <size>0x60</size>
         <input_file_ref idref="fl-12"/>
      </object_component>
      <object_component id="oc-36b">
         <name>.text:prvInitialiseTaskLists</name>
         <load_address>0x3410</load_address>
         <run_address>0x3410</run_address>
         <size>0x60</size>
         <input_file_ref idref="fl-e"/>
      </object_component>
      <object_component id="oc-537">
         <name>.text</name>
         <load_address>0x3470</load_address>
         <run_address>0x3470</run_address>
         <size>0x60</size>
         <input_file_ref idref="fl-14d"/>
      </object_component>
      <object_component id="oc-14e">
         <name>.text:vTaskStartScheduler</name>
         <load_address>0x34d0</load_address>
         <run_address>0x34d0</run_address>
         <size>0x60</size>
         <input_file_ref idref="fl-e"/>
      </object_component>
      <object_component id="oc-3e3">
         <name>.text:vTaskDelay</name>
         <load_address>0x3530</load_address>
         <run_address>0x3530</run_address>
         <size>0x5c</size>
         <input_file_ref idref="fl-e"/>
      </object_component>
      <object_component id="oc-262">
         <name>.text:_ZNSs5eraseEjj</name>
         <load_address>0x358c</load_address>
         <run_address>0x358c</run_address>
         <size>0x58</size>
         <input_file_ref idref="fl-3"/>
      </object_component>
      <object_component id="oc-3f4">
         <name>.text:prvCheckTasksWaitingTermination</name>
         <load_address>0x35e4</load_address>
         <run_address>0x35e4</run_address>
         <size>0x58</size>
         <input_file_ref idref="fl-e"/>
      </object_component>
      <object_component id="oc-35f">
         <name>.text:prvInitialiseTCBVariables</name>
         <load_address>0x363c</load_address>
         <run_address>0x363c</run_address>
         <size>0x54</size>
         <input_file_ref idref="fl-e"/>
      </object_component>
      <object_component id="oc-31e">
         <name>.text:xTaskCheckForTimeOut</name>
         <load_address>0x3690</load_address>
         <run_address>0x3690</run_address>
         <size>0x54</size>
         <input_file_ref idref="fl-e"/>
      </object_component>
      <object_component id="oc-2f8">
         <name>.text:prvInsertBlockIntoFreeList</name>
         <load_address>0x36e4</load_address>
         <run_address>0x36e4</run_address>
         <size>0x50</size>
         <input_file_ref idref="fl-11"/>
      </object_component>
      <object_component id="oc-24">
         <name>.text</name>
         <load_address>0x3734</load_address>
         <run_address>0x3734</run_address>
         <size>0x50</size>
         <input_file_ref idref="fl-13a"/>
      </object_component>
      <object_component id="oc-42c">
         <name>.text:_ZNSt12out_of_rangeC1ERKSs</name>
         <load_address>0x3784</load_address>
         <run_address>0x3784</run_address>
         <size>0x4c</size>
         <input_file_ref idref="fl-14b"/>
      </object_component>
      <object_component id="oc-d8">
         <name>.text:main</name>
         <load_address>0x37d0</load_address>
         <run_address>0x37d0</run_address>
         <size>0x4c</size>
         <input_file_ref idref="fl-5"/>
      </object_component>
      <object_component id="oc-490">
         <name>.text:prvAddCurrentTaskToDelayedList</name>
         <load_address>0x381c</load_address>
         <run_address>0x381c</run_address>
         <size>0x4c</size>
         <input_file_ref idref="fl-e"/>
      </object_component>
      <object_component id="oc-d0">
         <name>.text</name>
         <load_address>0x3868</load_address>
         <run_address>0x3868</run_address>
         <size>0x4c</size>
         <input_file_ref idref="fl-154"/>
      </object_component>
      <object_component id="oc-142">
         <name>.text:xQueueCreateMutex</name>
         <load_address>0x38b4</load_address>
         <run_address>0x38b4</run_address>
         <size>0x4c</size>
         <input_file_ref idref="fl-d"/>
      </object_component>
      <object_component id="oc-5c2">
         <name>.text:UARTwrite</name>
         <load_address>0x3900</load_address>
         <run_address>0x3900</run_address>
         <size>0x48</size>
         <input_file_ref idref="fl-12"/>
      </object_component>
      <object_component id="oc-417">
         <name>.text:_ZNSt11logic_errorC2ERKSs</name>
         <load_address>0x3948</load_address>
         <run_address>0x3948</run_address>
         <size>0x44</size>
         <input_file_ref idref="fl-14b"/>
      </object_component>
      <object_component id="oc-8a">
         <name>.text</name>
         <load_address>0x398c</load_address>
         <run_address>0x398c</run_address>
         <size>0x44</size>
         <input_file_ref idref="fl-140"/>
      </object_component>
      <object_component id="oc-5c8">
         <name>.text</name>
         <load_address>0x39d0</load_address>
         <run_address>0x39d0</run_address>
         <size>0x40</size>
         <input_file_ref idref="fl-14f"/>
      </object_component>
      <object_component id="oc-22d">
         <name>.text:xPortStartScheduler</name>
         <load_address>0x3a10</load_address>
         <run_address>0x3a10</run_address>
         <size>0x40</size>
         <input_file_ref idref="fl-f"/>
      </object_component>
      <object_component id="oc-4a5">
         <name>.text:vPortFree</name>
         <load_address>0x3a50</load_address>
         <run_address>0x3a50</run_address>
         <size>0x3c</size>
         <input_file_ref idref="fl-11"/>
      </object_component>
      <object_component id="oc-69e">
         <name>.text:_ZNK7BedRoom8describeEv</name>
         <load_address>0x3a8c</load_address>
         <run_address>0x3a8c</run_address>
         <size>0x3b</size>
         <input_file_ref idref="fl-6"/>
      </object_component>
      <object_component id="oc-683">
         <name>.text:_ZNK10LivingRoom8describeEv</name>
         <load_address>0x3ac8</load_address>
         <run_address>0x3ac8</run_address>
         <size>0x3a</size>
         <input_file_ref idref="fl-6"/>
      </object_component>
      <object_component id="oc-359">
         <name>.text:prvAllocateTCBAndStack</name>
         <load_address>0x3b02</load_address>
         <run_address>0x3b02</run_address>
         <size>0x3a</size>
         <input_file_ref idref="fl-e"/>
      </object_component>
      <object_component id="oc-48a">
         <name>.text:vListInsert</name>
         <load_address>0x3b3c</load_address>
         <run_address>0x3b3c</run_address>
         <size>0x38</size>
         <input_file_ref idref="fl-c"/>
      </object_component>
      <object_component id="oc-26f">
         <name>.text</name>
         <load_address>0x3b74</load_address>
         <run_address>0x3b74</run_address>
         <size>0x30</size>
         <input_file_ref idref="fl-147"/>
      </object_component>
      <object_component id="oc-753">
         <name>.text</name>
         <load_address>0x3ba4</load_address>
         <run_address>0x3ba4</run_address>
         <size>0x30</size>
         <input_file_ref idref="fl-15e"/>
      </object_component>
      <object_component id="oc-4a">
         <name>.text:xPortSysTickHandler</name>
         <load_address>0x3bd4</load_address>
         <run_address>0x3bd4</run_address>
         <size>0x2c</size>
         <input_file_ref idref="fl-f"/>
      </object_component>
      <object_component id="oc-41e">
         <name>.text:_ZNKSt9exception6_RaiseEv</name>
         <load_address>0x3c00</load_address>
         <run_address>0x3c00</run_address>
         <size>0x28</size>
         <input_file_ref idref="fl-14b"/>
      </object_component>
      <object_component id="oc-605">
         <name>.text:_ZNSt11logic_errorD0Ev</name>
         <load_address>0x3c28</load_address>
         <run_address>0x3c28</run_address>
         <size>0x28</size>
         <input_file_ref idref="fl-14b"/>
      </object_component>
      <object_component id="oc-556">
         <name>.text:_ZNSt12length_errorD0Ev</name>
         <load_address>0x3c50</load_address>
         <run_address>0x3c50</run_address>
         <size>0x28</size>
         <input_file_ref idref="fl-14b"/>
      </object_component>
      <object_component id="oc-632">
         <name>.text:_ZNSt12out_of_rangeD0Ev</name>
         <load_address>0x3c78</load_address>
         <run_address>0x3c78</run_address>
         <size>0x28</size>
         <input_file_ref idref="fl-14b"/>
      </object_component>
      <object_component id="oc-10d">
         <name>.text:prvResetNextTaskUnblockTime</name>
         <load_address>0x3ca0</load_address>
         <run_address>0x3ca0</run_address>
         <size>0x28</size>
         <input_file_ref idref="fl-e"/>
      </object_component>
      <object_component id="oc-365">
         <name>.text:pxPortInitialiseStack</name>
         <load_address>0x3cc8</load_address>
         <run_address>0x3cc8</run_address>
         <size>0x28</size>
         <input_file_ref idref="fl-f"/>
      </object_component>
      <object_component id="oc-724">
         <name>.text:_ZN4RoomD1Ev</name>
         <load_address>0x3cf0</load_address>
         <run_address>0x3cf0</run_address>
         <size>0x26</size>
         <input_file_ref idref="fl-6"/>
      </object_component>
      <object_component id="oc-445">
         <name>.text</name>
         <load_address>0x3d16</load_address>
         <run_address>0x3d16</run_address>
         <size>0x24</size>
         <input_file_ref idref="fl-144"/>
      </object_component>
      <object_component id="oc-5fe">
         <name>.text:_ZNSt11logic_errorD1Ev</name>
         <load_address>0x3d3a</load_address>
         <run_address>0x3d3a</run_address>
         <size>0x22</size>
         <input_file_ref idref="fl-14b"/>
      </object_component>
      <object_component id="oc-54f">
         <name>.text:_ZNSt12length_errorD1Ev</name>
         <load_address>0x3d5c</load_address>
         <run_address>0x3d5c</run_address>
         <size>0x22</size>
         <input_file_ref idref="fl-14b"/>
      </object_component>
      <object_component id="oc-62b">
         <name>.text:_ZNSt12out_of_rangeD1Ev</name>
         <load_address>0x3d7e</load_address>
         <run_address>0x3d7e</run_address>
         <size>0x22</size>
         <input_file_ref idref="fl-14b"/>
      </object_component>
      <object_component id="oc-1ac">
         <name>.text</name>
         <load_address>0x3da0</load_address>
         <run_address>0x3da0</run_address>
         <size>0x20</size>
         <input_file_ref idref="fl-142"/>
      </object_component>
      <object_component id="oc-6d0">
         <name>.text</name>
         <load_address>0x3dc0</load_address>
         <run_address>0x3dc0</run_address>
         <size>0x20</size>
         <input_file_ref idref="fl-15a"/>
      </object_component>
      <object_component id="oc-113">
         <name>.text:uxListRemove</name>
         <load_address>0x3de0</load_address>
         <run_address>0x3de0</run_address>
         <size>0x20</size>
         <input_file_ref idref="fl-c"/>
      </object_component>
      <object_component id="oc-1dd">
         <name>.text:_ZNSsD1Ev</name>
         <load_address>0x3e00</load_address>
         <run_address>0x3e00</run_address>
         <size>0x1e</size>
         <input_file_ref idref="fl-3"/>
      </object_component>
      <object_component id="oc-32a">
         <name>.text:prvIsQueueFull</name>
         <load_address>0x3e1e</load_address>
         <run_address>0x3e1e</run_address>
         <size>0x1c</size>
         <input_file_ref idref="fl-d"/>
      </object_component>
      <object_component id="oc-103">
         <name>.text:vApplicationStackOverflowHook</name>
         <load_address>0x3e3a</load_address>
         <run_address>0x3e3a</run_address>
         <size>0x2</size>
         <input_file_ref idref="fl-5"/>
      </object_component>
      <object_component id="oc-318">
         <name>.text:vPortEnterCritical</name>
         <load_address>0x3e3c</load_address>
         <run_address>0x3e3c</run_address>
         <size>0x1c</size>
         <input_file_ref idref="fl-f"/>
      </object_component>
      <object_component id="oc-398">
         <name>.text:UARTprintf</name>
         <load_address>0x3e58</load_address>
         <run_address>0x3e58</run_address>
         <size>0x1a</size>
         <input_file_ref idref="fl-12"/>
      </object_component>
      <object_component id="oc-38c">
         <name>.text:createBedRoom</name>
         <load_address>0x3e72</load_address>
         <run_address>0x3e72</run_address>
         <size>0x18</size>
         <input_file_ref idref="fl-9"/>
      </object_component>
      <object_component id="oc-374">
         <name>.text:createLivingRoom</name>
         <load_address>0x3e8a</load_address>
         <run_address>0x3e8a</run_address>
         <size>0x18</size>
         <input_file_ref idref="fl-9"/>
      </object_component>
      <object_component id="oc-84">
         <name>.text</name>
         <load_address>0x3ea4</load_address>
         <run_address>0x3ea4</run_address>
         <size>0x18</size>
         <input_file_ref idref="fl-152"/>
      </object_component>
      <object_component id="oc-747">
         <name>.text</name>
         <load_address>0x3ebc</load_address>
         <run_address>0x3ebc</run_address>
         <size>0x18</size>
         <input_file_ref idref="fl-15d"/>
      </object_component>
      <object_component id="oc-119">
         <name>.text:vListInsertEnd</name>
         <load_address>0x3ed4</load_address>
         <run_address>0x3ed4</run_address>
         <size>0x18</size>
         <input_file_ref idref="fl-c"/>
      </object_component>
      <object_component id="oc-312">
         <name>.text:vPortExitCritical</name>
         <load_address>0x3eec</load_address>
         <run_address>0x3eec</run_address>
         <size>0x18</size>
         <input_file_ref idref="fl-f"/>
      </object_component>
      <object_component id="oc-30c">
         <name>.text:vTaskSetTimeOutState</name>
         <load_address>0x3f04</load_address>
         <run_address>0x3f04</run_address>
         <size>0x18</size>
         <input_file_ref idref="fl-e"/>
      </object_component>
      <object_component id="oc-74d">
         <name>.text</name>
         <load_address>0x3f1c</load_address>
         <run_address>0x3f1c</run_address>
         <size>0x16</size>
         <input_file_ref idref="fl-15c"/>
      </object_component>
      <object_component id="oc-1f8">
         <name>.text:vListInitialise</name>
         <load_address>0x3f32</load_address>
         <run_address>0x3f32</run_address>
         <size>0x16</size>
         <input_file_ref idref="fl-c"/>
      </object_component>
      <object_component id="oc-211">
         <name>.text:RGBIntensitySet</name>
         <load_address>0x3f48</load_address>
         <run_address>0x3f48</run_address>
         <size>0x14</size>
         <input_file_ref idref="fl-b"/>
      </object_component>
      <object_component id="oc-65e">
         <name>.text:_ZN2ACC1Ei</name>
         <load_address>0x3f5c</load_address>
         <run_address>0x3f5c</run_address>
         <size>0x14</size>
         <input_file_ref idref="fl-4"/>
      </object_component>
      <object_component id="oc-658">
         <name>.text:_ZN5LightC1Ei</name>
         <load_address>0x3f70</load_address>
         <run_address>0x3f70</run_address>
         <size>0x14</size>
         <input_file_ref idref="fl-4"/>
      </object_component>
      <object_component id="oc-664">
         <name>.text:_ZN6HeaterC1Ei</name>
         <load_address>0x3f84</load_address>
         <run_address>0x3f84</run_address>
         <size>0x14</size>
         <input_file_ref idref="fl-4"/>
      </object_component>
      <object_component id="oc-160">
         <name>.text</name>
         <load_address>0x3f98</load_address>
         <run_address>0x3f98</run_address>
         <size>0x14</size>
         <input_file_ref idref="fl-151"/>
      </object_component>
      <object_component id="oc-868">
         <name>.text</name>
         <load_address>0x3fac</load_address>
         <run_address>0x3fac</run_address>
         <size>0x14</size>
         <input_file_ref idref="fl-164"/>
      </object_component>
      <object_component id="oc-1b2">
         <name>.text</name>
         <load_address>0x3fc0</load_address>
         <run_address>0x3fc0</run_address>
         <size>0x14</size>
         <input_file_ref idref="fl-14c"/>
      </object_component>
      <object_component id="oc-3ea">
         <name>.text:vPortSetupTimerInterrupt</name>
         <load_address>0x3fd4</load_address>
         <run_address>0x3fd4</run_address>
         <size>0x14</size>
         <input_file_ref idref="fl-f"/>
      </object_component>
      <object_component id="oc-1c6">
         <name>.text:_ZNSs4_EosEj</name>
         <load_address>0x3fe8</load_address>
         <run_address>0x3fe8</run_address>
         <size>0x12</size>
         <input_file_ref idref="fl-3"/>
      </object_component>
      <object_component id="oc-524">
         <name>.text:prvDeleteTCB</name>
         <load_address>0x3ffa</load_address>
         <run_address>0x3ffa</run_address>
         <size>0x12</size>
         <input_file_ref idref="fl-e"/>
      </object_component>
      <object_component id="oc-4be">
         <name>.text:_ZN10LivingRoomC1Ei</name>
         <load_address>0x400c</load_address>
         <run_address>0x400c</run_address>
         <size>0x10</size>
         <input_file_ref idref="fl-6"/>
      </object_component>
      <object_component id="oc-652">
         <name>.text:_ZN10TempSensorC1Ei</name>
         <load_address>0x401c</load_address>
         <run_address>0x401c</run_address>
         <size>0x10</size>
         <input_file_ref idref="fl-7"/>
      </object_component>
      <object_component id="oc-64c">
         <name>.text:_ZN14MotionDetectorC1Ei</name>
         <load_address>0x402c</load_address>
         <run_address>0x402c</run_address>
         <size>0x10</size>
         <input_file_ref idref="fl-7"/>
      </object_component>
      <object_component id="oc-707">
         <name>.text:_ZN6DeviceC1Ei</name>
         <load_address>0x403c</load_address>
         <run_address>0x403c</run_address>
         <size>0x10</size>
         <input_file_ref idref="fl-4"/>
      </object_component>
      <object_component id="oc-6f5">
         <name>.text:_ZN6SensorC1Ei</name>
         <load_address>0x404c</load_address>
         <run_address>0x404c</run_address>
         <size>0x10</size>
         <input_file_ref idref="fl-7"/>
      </object_component>
      <object_component id="oc-4dc">
         <name>.text:_ZN7BedRoomC1Ei</name>
         <load_address>0x405c</load_address>
         <run_address>0x405c</run_address>
         <size>0x10</size>
         <input_file_ref idref="fl-6"/>
      </object_component>
      <object_component id="oc-4b3">
         <name>.text:prvTaskExitError</name>
         <load_address>0x406c</load_address>
         <run_address>0x406c</run_address>
         <size>0x10</size>
         <input_file_ref idref="fl-f"/>
      </object_component>
      <object_component id="oc-2ec">
         <name>.text:vTaskSuspendAll</name>
         <load_address>0x407c</load_address>
         <run_address>0x407c</run_address>
         <size>0x10</size>
         <input_file_ref idref="fl-e"/>
      </object_component>
      <object_component id="oc-67c">
         <name>.text:_ZN10LivingRoomD0Ev</name>
         <load_address>0x408c</load_address>
         <run_address>0x408c</run_address>
         <size>0xe</size>
         <input_file_ref idref="fl-6"/>
      </object_component>
      <object_component id="oc-504">
         <name>.text:_ZN4Room11turnOnLightEv</name>
         <load_address>0x409a</load_address>
         <run_address>0x409a</run_address>
         <size>0xe</size>
         <input_file_ref idref="fl-6"/>
      </object_component>
      <object_component id="oc-4c7">
         <name>.text:_ZN4Room12turnOffLightEv</name>
         <load_address>0x40a8</load_address>
         <run_address>0x40a8</run_address>
         <size>0xe</size>
         <input_file_ref idref="fl-6"/>
      </object_component>
      <object_component id="oc-50d">
         <name>.text:_ZN4Room12turnOnHeaterEv</name>
         <load_address>0x40b6</load_address>
         <run_address>0x40b6</run_address>
         <size>0xe</size>
         <input_file_ref idref="fl-6"/>
      </object_component>
      <object_component id="oc-4d5">
         <name>.text:_ZN4Room13turnOffHeaterEv</name>
         <load_address>0x40c4</load_address>
         <run_address>0x40c4</run_address>
         <size>0xe</size>
         <input_file_ref idref="fl-6"/>
      </object_component>
      <object_component id="oc-514">
         <name>.text:_ZN4Room8turnOnACEv</name>
         <load_address>0x40d2</load_address>
         <run_address>0x40d2</run_address>
         <size>0xe</size>
         <input_file_ref idref="fl-6"/>
      </object_component>
      <object_component id="oc-4ce">
         <name>.text:_ZN4Room9turnOffACEv</name>
         <load_address>0x40e0</load_address>
         <run_address>0x40e0</run_address>
         <size>0xe</size>
         <input_file_ref idref="fl-6"/>
      </object_component>
      <object_component id="oc-72a">
         <name>.text:_ZN4RoomD0Ev</name>
         <load_address>0x40ee</load_address>
         <run_address>0x40ee</run_address>
         <size>0xe</size>
         <input_file_ref idref="fl-6"/>
      </object_component>
      <object_component id="oc-697">
         <name>.text:_ZN7BedRoomD0Ev</name>
         <load_address>0x40fc</load_address>
         <run_address>0x40fc</run_address>
         <size>0xe</size>
         <input_file_ref idref="fl-6"/>
      </object_component>
      <object_component id="oc-55d">
         <name>.text:_ZNKSt11logic_error4whatEv</name>
         <load_address>0x410a</load_address>
         <run_address>0x410a</run_address>
         <size>0xe</size>
         <input_file_ref idref="fl-14b"/>
      </object_component>
      <object_component id="oc-12">
         <name>.text:decompress:none</name>
         <load_address>0x4118</load_address>
         <run_address>0x4118</run_address>
         <size>0xe</size>
         <input_file_ref idref="fl-13b"/>
      </object_component>
      <object_component id="oc-425">
         <name>.text:_ZNSs6_MyptrEv</name>
         <load_address>0x4126</load_address>
         <run_address>0x4126</run_address>
         <size>0xc</size>
         <input_file_ref idref="fl-14b"/>
      </object_component>
      <object_component id="oc-1e">
         <name>.text:decompress:ZI</name>
         <load_address>0x4132</load_address>
         <run_address>0x4132</run_address>
         <size>0xc</size>
         <input_file_ref idref="fl-13d"/>
      </object_component>
      <object_component id="oc-3d1">
         <name>.text:describeRoom</name>
         <load_address>0x413e</load_address>
         <run_address>0x413e</run_address>
         <size>0xc</size>
         <input_file_ref idref="fl-9"/>
      </object_component>
      <object_component id="oc-3a4">
         <name>.text:getMotionDetectorValue</name>
         <load_address>0x414a</load_address>
         <run_address>0x414a</run_address>
         <size>0xc</size>
         <input_file_ref idref="fl-9"/>
      </object_component>
      <object_component id="oc-3bc">
         <name>.text:getTempSensorValue</name>
         <load_address>0x4156</load_address>
         <run_address>0x4156</run_address>
         <size>0xc</size>
         <input_file_ref idref="fl-9"/>
      </object_component>
      <object_component id="oc-482">
         <name>.text:vTaskMissedYield</name>
         <load_address>0x4164</load_address>
         <run_address>0x4164</run_address>
         <size>0xc</size>
         <input_file_ref idref="fl-e"/>
      </object_component>
      <object_component id="oc-39e">
         <name>.text:setMotionDetectorValue</name>
         <load_address>0x4170</load_address>
         <run_address>0x4170</run_address>
         <size>0xa</size>
         <input_file_ref idref="fl-9"/>
      </object_component>
      <object_component id="oc-5e4">
         <name>.text:_ZNSt9exceptionD0Ev</name>
         <load_address>0x417a</load_address>
         <run_address>0x417a</run_address>
         <size>0x8</size>
         <input_file_ref idref="fl-14b"/>
      </object_component>
      <object_component id="oc-233">
         <name>.text:prvIdleTask</name>
         <load_address>0x4182</load_address>
         <run_address>0x4182</run_address>
         <size>0x8</size>
         <input_file_ref idref="fl-e"/>
      </object_component>
      <object_component id="oc-269">
         <name>.text</name>
         <load_address>0x418a</load_address>
         <run_address>0x418a</run_address>
         <size>0x8</size>
         <input_file_ref idref="fl-13e"/>
      </object_component>
      <object_component id="oc-2d">
         <name>.text:ResetISR</name>
         <load_address>0x4192</load_address>
         <run_address>0x4192</run_address>
         <size>0x6</size>
         <input_file_ref idref="fl-8"/>
      </object_component>
      <object_component id="oc-19e">
         <name>.text:UARTClockSourceSet</name>
         <load_address>0x4198</load_address>
         <run_address>0x4198</run_address>
         <size>0x6</size>
         <input_file_ref idref="fl-169"/>
      </object_component>
      <object_component id="oc-7c5">
         <name>.text:_ZN6Device6turnOnEv</name>
         <load_address>0x419e</load_address>
         <run_address>0x419e</run_address>
         <size>0x6</size>
         <input_file_ref idref="fl-4"/>
      </object_component>
      <object_component id="oc-7cb">
         <name>.text:_ZN6Device7turnOffEv</name>
         <load_address>0x41a4</load_address>
         <run_address>0x41a4</run_address>
         <size>0x6</size>
         <input_file_ref idref="fl-4"/>
      </object_component>
      <object_component id="oc-18">
         <name>.text:decompress:rle24</name>
         <load_address>0x41aa</load_address>
         <run_address>0x41aa</run_address>
         <size>0x6</size>
         <input_file_ref idref="fl-13c"/>
      </object_component>
      <object_component id="oc-3d7">
         <name>.text:isACOn</name>
         <load_address>0x41b0</load_address>
         <run_address>0x41b0</run_address>
         <size>0x6</size>
         <input_file_ref idref="fl-9"/>
      </object_component>
      <object_component id="oc-3dd">
         <name>.text:isHeaterOn</name>
         <load_address>0x41b6</load_address>
         <run_address>0x41b6</run_address>
         <size>0x6</size>
         <input_file_ref idref="fl-9"/>
      </object_component>
      <object_component id="oc-3aa">
         <name>.text:isLightOn</name>
         <load_address>0x41bc</load_address>
         <run_address>0x41bc</run_address>
         <size>0x6</size>
         <input_file_ref idref="fl-9"/>
      </object_component>
      <object_component id="oc-3b6">
         <name>.text:setTempSensorValue</name>
         <load_address>0x41c2</load_address>
         <run_address>0x41c2</run_address>
         <size>0x6</size>
         <input_file_ref idref="fl-9"/>
      </object_component>
      <object_component id="oc-4ac">
         <name>.text:vListInitialiseItem</name>
         <load_address>0x41c8</load_address>
         <run_address>0x41c8</run_address>
         <size>0x6</size>
         <input_file_ref idref="fl-c"/>
      </object_component>
      <object_component id="oc-675">
         <name>.text:_ZN10LivingRoomD1Ev</name>
         <load_address>0x41ce</load_address>
         <run_address>0x41ce</run_address>
         <size>0x4</size>
         <input_file_ref idref="fl-6"/>
      </object_component>
      <object_component id="oc-7b4">
         <name>.text:_ZN10TempSensor9readValueEv</name>
         <load_address>0x41d2</load_address>
         <run_address>0x41d2</run_address>
         <size>0x4</size>
         <input_file_ref idref="fl-7"/>
      </object_component>
      <object_component id="oc-7a9">
         <name>.text:_ZN14MotionDetector9readValueEv</name>
         <load_address>0x41d6</load_address>
         <run_address>0x41d6</run_address>
         <size>0x4</size>
         <input_file_ref idref="fl-7"/>
      </object_component>
      <object_component id="oc-4f0">
         <name>.text:_ZN6Sensor8setValueEh</name>
         <load_address>0x41da</load_address>
         <run_address>0x41da</run_address>
         <size>0x4</size>
         <input_file_ref idref="fl-7"/>
      </object_component>
      <object_component id="oc-82f">
         <name>.text:_ZN6Sensor9readValueEv</name>
         <load_address>0x41de</load_address>
         <run_address>0x41de</run_address>
         <size>0x4</size>
         <input_file_ref idref="fl-7"/>
      </object_component>
      <object_component id="oc-690">
         <name>.text:_ZN7BedRoomD1Ev</name>
         <load_address>0x41e2</load_address>
         <run_address>0x41e2</run_address>
         <size>0x4</size>
         <input_file_ref idref="fl-6"/>
      </object_component>
      <object_component id="oc-4fd">
         <name>.text:_ZNK6Device8getStateEv</name>
         <load_address>0x41e6</load_address>
         <run_address>0x41e6</run_address>
         <size>0x4</size>
         <input_file_ref idref="fl-4"/>
      </object_component>
      <object_component id="oc-60c">
         <name>.text:_ZNKSt11logic_error8_DoraiseEv</name>
         <load_address>0x41ea</load_address>
         <run_address>0x41ea</run_address>
         <size>0x4</size>
         <input_file_ref idref="fl-14b"/>
      </object_component>
      <object_component id="oc-564">
         <name>.text:_ZNKSt12length_error8_DoraiseEv</name>
         <load_address>0x41ee</load_address>
         <run_address>0x41ee</run_address>
         <size>0x4</size>
         <input_file_ref idref="fl-14b"/>
      </object_component>
      <object_component id="oc-639">
         <name>.text:_ZNKSt12out_of_range8_DoraiseEv</name>
         <load_address>0x41f2</load_address>
         <run_address>0x41f2</run_address>
         <size>0x4</size>
         <input_file_ref idref="fl-14b"/>
      </object_component>
      <object_component id="oc-5eb">
         <name>.text:_ZNKSt9exception4whatEv</name>
         <load_address>0x41f6</load_address>
         <run_address>0x41f6</run_address>
         <size>0x4</size>
         <input_file_ref idref="fl-14b"/>
      </object_component>
      <object_component id="oc-78">
         <name>.text</name>
         <load_address>0x41fa</load_address>
         <run_address>0x41fa</run_address>
         <size>0x4</size>
         <input_file_ref idref="fl-149"/>
      </object_component>
      <object_component id="oc-380">
         <name>.text:turnOffAC</name>
         <load_address>0x41fe</load_address>
         <run_address>0x41fe</run_address>
         <size>0x4</size>
         <input_file_ref idref="fl-9"/>
      </object_component>
      <object_component id="oc-386">
         <name>.text:turnOffHeater</name>
         <load_address>0x4202</load_address>
         <run_address>0x4202</run_address>
         <size>0x4</size>
         <input_file_ref idref="fl-9"/>
      </object_component>
      <object_component id="oc-37a">
         <name>.text:turnOffLight</name>
         <load_address>0x4206</load_address>
         <run_address>0x4206</run_address>
         <size>0x4</size>
         <input_file_ref idref="fl-9"/>
      </object_component>
      <object_component id="oc-3c8">
         <name>.text:turnOnAC</name>
         <load_address>0x420a</load_address>
         <run_address>0x420a</run_address>
         <size>0x4</size>
         <input_file_ref idref="fl-9"/>
      </object_component>
      <object_component id="oc-3c2">
         <name>.text:turnOnHeater</name>
         <load_address>0x420e</load_address>
         <run_address>0x420e</run_address>
         <size>0x4</size>
         <input_file_ref idref="fl-9"/>
      </object_component>
      <object_component id="oc-3b0">
         <name>.text:turnOnLight</name>
         <load_address>0x4212</load_address>
         <run_address>0x4212</run_address>
         <size>0x4</size>
         <input_file_ref idref="fl-9"/>
      </object_component>
      <object_component id="oc-3ce">
         <name>.const:.string</name>
         <load_address>0x4218</load_address>
         <run_address>0x4218</run_address>
         <size>0x9c</size>
         <input_file_ref idref="fl-2"/>
      </object_component>
      <object_component id="oc-8cc">
         <name>.const:.typeinfo:_ZTSN10__cxxabiv123__fundamental_type_infoE</name>
         <load_address>0x42b4</load_address>
         <run_address>0x42b4</run_address>
         <size>0x28</size>
         <input_file_ref idref="fl-14e"/>
      </object_component>
      <object_component id="oc-781">
         <name>.const:.typeinfo:_ZTSN10__cxxabiv120__si_class_type_infoE</name>
         <load_address>0x42dc</load_address>
         <run_address>0x42dc</run_address>
         <size>0x25</size>
         <input_file_ref idref="fl-14e"/>
      </object_component>
      <object_component id="oc-8ae">
         <name>.const:.typeinfo:_ZTSN10__cxxabiv119__pointer_type_infoE</name>
         <load_address>0x4301</load_address>
         <run_address>0x4301</run_address>
         <size>0x24</size>
         <input_file_ref idref="fl-14e"/>
      </object_component>
      <object_component id="oc-7e4">
         <name>.const:.typeinfo:_ZTSN10__cxxabiv117__class_type_infoE</name>
         <load_address>0x4325</load_address>
         <run_address>0x4325</run_address>
         <size>0x22</size>
         <input_file_ref idref="fl-14e"/>
      </object_component>
      <object_component id="oc-8c7">
         <name>.const:.typeinfo:_ZTSN10__cxxabiv117__pbase_type_infoE</name>
         <load_address>0x4347</load_address>
         <run_address>0x4347</run_address>
         <size>0x22</size>
         <input_file_ref idref="fl-14e"/>
      </object_component>
      <object_component id="oc-88e">
         <name>.const:.typeinfo:_ZTSe</name>
         <load_address>0x4369</load_address>
         <run_address>0x4369</run_address>
         <size>0x2</size>
         <input_file_ref idref="fl-14e"/>
      </object_component>
      <object_component id="oc-249">
         <name>.const</name>
         <load_address>0x436c</load_address>
         <run_address>0x436c</run_address>
         <size>0x1c</size>
         <input_file_ref idref="fl-12"/>
      </object_component>
      <object_component id="oc-532">
         <name>.const:_ZTVSt11logic_error</name>
         <load_address>0x4388</load_address>
         <run_address>0x4388</run_address>
         <size>0x18</size>
         <input_file_ref idref="fl-14b"/>
      </object_component>
      <object_component id="oc-433">
         <name>.const:_ZTVSt12length_error</name>
         <load_address>0x43a0</load_address>
         <run_address>0x43a0</run_address>
         <size>0x18</size>
         <input_file_ref idref="fl-14b"/>
      </object_component>
      <object_component id="oc-545">
         <name>.const:_ZTVSt12out_of_range</name>
         <load_address>0x43b8</load_address>
         <run_address>0x43b8</run_address>
         <size>0x18</size>
         <input_file_ref idref="fl-14b"/>
      </object_component>
      <object_component id="oc-52d">
         <name>.const:_ZTVSt9exception</name>
         <load_address>0x43d0</load_address>
         <run_address>0x43d0</run_address>
         <size>0x18</size>
         <input_file_ref idref="fl-14b"/>
      </object_component>
      <object_component id="oc-59b">
         <name>.const:_ZTV10LivingRoom</name>
         <load_address>0x43e8</load_address>
         <run_address>0x43e8</run_address>
         <size>0x14</size>
         <input_file_ref idref="fl-6"/>
      </object_component>
      <object_component id="oc-66a">
         <name>.const:_ZTV4Room</name>
         <load_address>0x43fc</load_address>
         <run_address>0x43fc</run_address>
         <size>0x14</size>
         <input_file_ref idref="fl-6"/>
      </object_component>
      <object_component id="oc-5bc">
         <name>.const:_ZTV7BedRoom</name>
         <load_address>0x4410</load_address>
         <run_address>0x4410</run_address>
         <size>0x14</size>
         <input_file_ref idref="fl-6"/>
      </object_component>
      <object_component id="oc-404">
         <name>.const:.string</name>
         <load_address>0x4424</load_address>
         <run_address>0x4424</run_address>
         <size>0x12</size>
         <input_file_ref idref="fl-12"/>
      </object_component>
      <object_component id="oc-835">
         <name>.const:.typeinfo:_ZTS14MotionDetector</name>
         <load_address>0x4436</load_address>
         <run_address>0x4436</run_address>
         <size>0x11</size>
         <input_file_ref idref="fl-7"/>
      </object_component>
      <object_component id="oc-645">
         <name>.const:.typeinfo:_ZTSSt12length_error</name>
         <load_address>0x4447</load_address>
         <run_address>0x4447</run_address>
         <size>0x11</size>
         <input_file_ref idref="fl-14b"/>
      </object_component>
      <object_component id="oc-6e2">
         <name>.const:.typeinfo:_ZTSSt12out_of_range</name>
         <load_address>0x4458</load_address>
         <run_address>0x4458</run_address>
         <size>0x11</size>
         <input_file_ref idref="fl-14b"/>
      </object_component>
      <object_component id="oc-1d8">
         <name>.const:.string:_ZZN4Demo10getMessageEvEs</name>
         <load_address>0x4469</load_address>
         <run_address>0x4469</run_address>
         <size>0x10</size>
         <input_file_ref idref="fl-3"/>
      </object_component>
      <object_component id="oc-787">
         <name>.const:.typeinfo:_ZTIPKe</name>
         <load_address>0x447c</load_address>
         <run_address>0x447c</run_address>
         <size>0x10</size>
         <input_file_ref idref="fl-14e"/>
      </object_component>
      <object_component id="oc-6ba">
         <name>.const:.typeinfo:_ZTSSt11logic_error</name>
         <load_address>0x448c</load_address>
         <run_address>0x448c</run_address>
         <size>0x10</size>
         <input_file_ref idref="fl-14b"/>
      </object_component>
      <object_component id="oc-713">
         <name>.const:_ZTV2AC</name>
         <load_address>0x449c</load_address>
         <run_address>0x449c</run_address>
         <size>0x10</size>
         <input_file_ref idref="fl-4"/>
      </object_component>
      <object_component id="oc-70d">
         <name>.const:_ZTV5Light</name>
         <load_address>0x44ac</load_address>
         <run_address>0x44ac</run_address>
         <size>0x10</size>
         <input_file_ref idref="fl-4"/>
      </object_component>
      <object_component id="oc-7ba">
         <name>.const:_ZTV6Device</name>
         <load_address>0x44bc</load_address>
         <run_address>0x44bc</run_address>
         <size>0x10</size>
         <input_file_ref idref="fl-4"/>
      </object_component>
      <object_component id="oc-719">
         <name>.const:_ZTV6Heater</name>
         <load_address>0x44cc</load_address>
         <run_address>0x44cc</run_address>
         <size>0x10</size>
         <input_file_ref idref="fl-4"/>
      </object_component>
      <object_component id="oc-6b0">
         <name>.const:_ZTVN10__cxxabiv117__class_type_infoE</name>
         <load_address>0x44dc</load_address>
         <run_address>0x44dc</run_address>
         <size>0x10</size>
         <input_file_ref idref="fl-14e"/>
      </object_component>
      <object_component id="oc-81b">
         <name>.const:_ZTVN10__cxxabiv119__pointer_type_infoE</name>
         <load_address>0x44ec</load_address>
         <run_address>0x44ec</run_address>
         <size>0x10</size>
         <input_file_ref idref="fl-14e"/>
      </object_component>
      <object_component id="oc-640">
         <name>.const:_ZTVN10__cxxabiv120__si_class_type_infoE</name>
         <load_address>0x44fc</load_address>
         <run_address>0x44fc</run_address>
         <size>0x10</size>
         <input_file_ref idref="fl-14e"/>
      </object_component>
      <object_component id="oc-889">
         <name>.const:_ZTVN10__cxxabiv123__fundamental_type_infoE</name>
         <load_address>0x450c</load_address>
         <run_address>0x450c</run_address>
         <size>0x10</size>
         <input_file_ref idref="fl-14e"/>
      </object_component>
      <object_component id="oc-735">
         <name>.const:.typeinfo:_ZTS10LivingRoom</name>
         <load_address>0x451c</load_address>
         <run_address>0x451c</run_address>
         <size>0xd</size>
         <input_file_ref idref="fl-6"/>
      </object_component>
      <object_component id="oc-83b">
         <name>.const:.typeinfo:_ZTS10TempSensor</name>
         <load_address>0x4529</load_address>
         <run_address>0x4529</run_address>
         <size>0xd</size>
         <input_file_ref idref="fl-7"/>
      </object_component>
      <object_component id="oc-6b5">
         <name>.const:.typeinfo:_ZTSSt9exception</name>
         <load_address>0x4536</load_address>
         <run_address>0x4536</run_address>
         <size>0xd</size>
         <input_file_ref idref="fl-14b"/>
      </object_component>
      <object_component id="oc-857">
         <name>.const:.typeinfo:_ZTSSt9type_info</name>
         <load_address>0x4543</load_address>
         <run_address>0x4543</run_address>
         <size>0xd</size>
         <input_file_ref idref="fl-14e"/>
      </object_component>
      <object_component id="oc-670">
         <name>.const:.typeinfo:_ZTI10LivingRoom</name>
         <load_address>0x4550</load_address>
         <run_address>0x4550</run_address>
         <size>0xc</size>
         <input_file_ref idref="fl-6"/>
      </object_component>
      <object_component id="oc-7af">
         <name>.const:.typeinfo:_ZTI10TempSensor</name>
         <load_address>0x455c</load_address>
         <run_address>0x455c</run_address>
         <size>0xc</size>
         <input_file_ref idref="fl-7"/>
      </object_component>
      <object_component id="oc-7a4">
         <name>.const:.typeinfo:_ZTI14MotionDetector</name>
         <load_address>0x4568</load_address>
         <run_address>0x4568</run_address>
         <size>0xc</size>
         <input_file_ref idref="fl-7"/>
      </object_component>
      <object_component id="oc-7d1">
         <name>.const:.typeinfo:_ZTI2AC</name>
         <load_address>0x4574</load_address>
         <run_address>0x4574</run_address>
         <size>0xc</size>
         <input_file_ref idref="fl-4"/>
      </object_component>
      <object_component id="oc-7c0">
         <name>.const:.typeinfo:_ZTI5Light</name>
         <load_address>0x4580</load_address>
         <run_address>0x4580</run_address>
         <size>0xc</size>
         <input_file_ref idref="fl-4"/>
      </object_component>
      <object_component id="oc-7d6">
         <name>.const:.typeinfo:_ZTI6Heater</name>
         <load_address>0x458c</load_address>
         <run_address>0x458c</run_address>
         <size>0xc</size>
         <input_file_ref idref="fl-4"/>
      </object_component>
      <object_component id="oc-68b">
         <name>.const:.typeinfo:_ZTI7BedRoom</name>
         <load_address>0x4598</load_address>
         <run_address>0x4598</run_address>
         <size>0xc</size>
         <input_file_ref idref="fl-6"/>
      </object_component>
      <object_component id="oc-742">
         <name>.const:.typeinfo:_ZTIN10__cxxabiv117__class_type_infoE</name>
         <load_address>0x45a4</load_address>
         <run_address>0x45a4</run_address>
         <size>0xc</size>
         <input_file_ref idref="fl-14e"/>
      </object_component>
      <object_component id="oc-8b3">
         <name>.const:.typeinfo:_ZTIN10__cxxabiv117__pbase_type_infoE</name>
         <load_address>0x45b0</load_address>
         <run_address>0x45b0</run_address>
         <size>0xc</size>
         <input_file_ref idref="fl-14e"/>
      </object_component>
      <object_component id="oc-884">
         <name>.const:.typeinfo:_ZTIN10__cxxabiv119__pointer_type_infoE</name>
         <load_address>0x45bc</load_address>
         <run_address>0x45bc</run_address>
         <size>0xc</size>
         <input_file_ref idref="fl-14e"/>
      </object_component>
      <object_component id="oc-6e7">
         <name>.const:.typeinfo:_ZTIN10__cxxabiv120__si_class_type_infoE</name>
         <load_address>0x45c8</load_address>
         <run_address>0x45c8</run_address>
         <size>0xc</size>
         <input_file_ref idref="fl-14e"/>
      </object_component>
      <object_component id="oc-8b8">
         <name>.const:.typeinfo:_ZTIN10__cxxabiv123__fundamental_type_infoE</name>
         <load_address>0x45d4</load_address>
         <run_address>0x45d4</run_address>
         <size>0xc</size>
         <input_file_ref idref="fl-14e"/>
      </object_component>
      <object_component id="oc-5f9">
         <name>.const:.typeinfo:_ZTISt11logic_error</name>
         <load_address>0x45e0</load_address>
         <run_address>0x45e0</run_address>
         <size>0xc</size>
         <input_file_ref idref="fl-14b"/>
      </object_component>
      <object_component id="oc-54a">
         <name>.const:.typeinfo:_ZTISt12length_error</name>
         <load_address>0x45ec</load_address>
         <run_address>0x45ec</run_address>
         <size>0xc</size>
         <input_file_ref idref="fl-14b"/>
      </object_component>
      <object_component id="oc-626">
         <name>.const:.typeinfo:_ZTISt12out_of_range</name>
         <load_address>0x45f8</load_address>
         <run_address>0x45f8</run_address>
         <size>0xc</size>
         <input_file_ref idref="fl-14b"/>
      </object_component>
      <object_component id="oc-701">
         <name>.const:_ZTV10TempSensor</name>
         <load_address>0x4604</load_address>
         <run_address>0x4604</run_address>
         <size>0xc</size>
         <input_file_ref idref="fl-7"/>
      </object_component>
      <object_component id="oc-6fb">
         <name>.const:_ZTV14MotionDetector</name>
         <load_address>0x4610</load_address>
         <run_address>0x4610</run_address>
         <size>0xc</size>
         <input_file_ref idref="fl-7"/>
      </object_component>
      <object_component id="oc-79e">
         <name>.const:_ZTV6Sensor</name>
         <load_address>0x461c</load_address>
         <run_address>0x461c</run_address>
         <size>0xc</size>
         <input_file_ref idref="fl-7"/>
      </object_component>
      <object_component id="oc-73b">
         <name>.const:.typeinfo:_ZTS7BedRoom</name>
         <load_address>0x4628</load_address>
         <run_address>0x4628</run_address>
         <size>0x9</size>
         <input_file_ref idref="fl-6"/>
      </object_component>
      <object_component id="oc-71f">
         <name>.const:.typeinfo:_ZTI4Room</name>
         <load_address>0x4634</load_address>
         <run_address>0x4634</run_address>
         <size>0x8</size>
         <input_file_ref idref="fl-6"/>
      </object_component>
      <object_component id="oc-841">
         <name>.const:.typeinfo:_ZTI6Device</name>
         <load_address>0x463c</load_address>
         <run_address>0x463c</run_address>
         <size>0x8</size>
         <input_file_ref idref="fl-4"/>
      </object_component>
      <object_component id="oc-82a">
         <name>.const:.typeinfo:_ZTI6Sensor</name>
         <load_address>0x4644</load_address>
         <run_address>0x4644</run_address>
         <size>0x8</size>
         <input_file_ref idref="fl-7"/>
      </object_component>
      <object_component id="oc-5d8">
         <name>.const:.typeinfo:_ZTISt9exception</name>
         <load_address>0x464c</load_address>
         <run_address>0x464c</run_address>
         <size>0x8</size>
         <input_file_ref idref="fl-14b"/>
      </object_component>
      <object_component id="oc-7e9">
         <name>.const:.typeinfo:_ZTISt9type_info</name>
         <load_address>0x4654</load_address>
         <run_address>0x4654</run_address>
         <size>0x8</size>
         <input_file_ref idref="fl-14e"/>
      </object_component>
      <object_component id="oc-825">
         <name>.const:.typeinfo:_ZTIe</name>
         <load_address>0x465c</load_address>
         <run_address>0x465c</run_address>
         <size>0x8</size>
         <input_file_ref idref="fl-14e"/>
      </object_component>
      <object_component id="oc-899">
         <name>.const:.typeinfo:_ZTS6Device</name>
         <load_address>0x4664</load_address>
         <run_address>0x4664</run_address>
         <size>0x8</size>
         <input_file_ref idref="fl-4"/>
      </object_component>
      <object_component id="oc-852">
         <name>.const:.typeinfo:_ZTS6Heater</name>
         <load_address>0x466c</load_address>
         <run_address>0x466c</run_address>
         <size>0x8</size>
         <input_file_ref idref="fl-4"/>
      </object_component>
      <object_component id="oc-893">
         <name>.const:.typeinfo:_ZTS6Sensor</name>
         <load_address>0x4674</load_address>
         <run_address>0x4674</run_address>
         <size>0x8</size>
         <input_file_ref idref="fl-7"/>
      </object_component>
      <object_component id="oc-846">
         <name>.const:.typeinfo:_ZTS5Light</name>
         <load_address>0x467c</load_address>
         <run_address>0x467c</run_address>
         <size>0x7</size>
         <input_file_ref idref="fl-4"/>
      </object_component>
      <object_component id="oc-7db">
         <name>.const:.typeinfo:_ZTS4Room</name>
         <load_address>0x4683</load_address>
         <run_address>0x4683</run_address>
         <size>0x6</size>
         <input_file_ref idref="fl-6"/>
      </object_component>
      <object_component id="oc-84d">
         <name>.const:.typeinfo:_ZTS2AC</name>
         <load_address>0x4689</load_address>
         <run_address>0x4689</run_address>
[...]
         <name>_ZTSSt9type_info</name>
         <value>0x4543</value>
         <object_component_ref idref="oc-857"/>
      </symbol>
      <symbol id="sm-ce4">
         <name>_ZN10__cxxabiv123__fundamental_type_infoD2Ev</name>
         <value>0x28d7</value>
         <object_component_ref idref="oc-6ec"/>
      </symbol>
      <symbol id="sm-ce5">
         <name>_ZN10__cxxabiv117__class_type_infoD1Ev</name>
         <value>0x2913</value>
         <object_component_ref idref="oc-6ec"/>
      </symbol>
      <symbol id="sm-ce6">
         <name>_ZN10__cxxabiv129__pointer_to_member_type_infoD2Ev</name>
         <value>0x28cd</value>
         <object_component_ref idref="oc-6ec"/>
      </symbol>
      <symbol id="sm-ce7">
         <name>_ZN10__cxxabiv116__enum_type_infoD1Ev</name>
         <value>0x2927</value>
         <object_component_ref idref="oc-6ec"/>
      </symbol>
      <symbol id="sm-ce8">
         <name>_ZN10__cxxabiv121__vmi_class_type_infoD1Ev</name>
         <value>0x28e1</value>
         <object_component_ref idref="oc-6ec"/>
      </symbol>
      <symbol id="sm-ce9">
         <name>_ZTSN10__cxxabiv123__fundamental_type_infoE</name>
         <value>0x42b4</value>
         <object_component_ref idref="oc-8cc"/>
      </symbol>
      <symbol id="sm-cea">
         <name>_ZN10__cxxabiv117__pbase_type_infoD1Ev</name>
         <value>0x2909</value>
         <object_component_ref idref="oc-6ec"/>
      </symbol>
      <symbol id="sm-ceb">
         <name>_ZTVN10__cxxabiv123__fundamental_type_infoE</name>
         <value>0x450c</value>
         <object_component_ref idref="oc-889"/>
      </symbol>
      <symbol id="sm-cec">
         <name>_ZTSN10__cxxabiv120__si_class_type_infoE</name>
         <value>0x42dc</value>
         <object_component_ref idref="oc-781"/>
      </symbol>
      <symbol id="sm-ced">
         <name>_ZN10__cxxabiv117__array_type_infoD1Ev</name>
         <value>0x291d</value>
         <object_component_ref idref="oc-6ec"/>
      </symbol>
      <symbol id="sm-cee">
         <name>_ZTVN10__cxxabiv119__pointer_type_infoE</name>
         <value>0x44ec</value>
         <object_component_ref idref="oc-81b"/>
      </symbol>
      <symbol id="sm-cef">
         <name>_ZTSPKe</name>
         <value>0x468d</value>
         <object_component_ref idref="oc-820"/>
      </symbol>
      <symbol id="sm-cf0">
         <name>_ZNKSt9type_infoneERKS_</name>
         <value>0x2893</value>
         <object_component_ref idref="oc-6ec"/>
      </symbol>
      <symbol id="sm-cf1">
         <name>_ZN10__cxxabiv119__pointer_type_infoD1Ev</name>
         <value>0x28ff</value>
         <object_component_ref idref="oc-6ec"/>
      </symbol>
      <symbol id="sm-cf2">
         <name>_ZNSt9type_infoD2Ev</name>
         <value>0x2885</value>
         <object_component_ref idref="oc-6ec"/>
      </symbol>
      <symbol id="sm-cf3">
         <name>_ZNKSt9type_info6beforeERKS_</name>
         <value>0x28bf</value>
         <object_component_ref idref="oc-6ec"/>
      </symbol>
      <symbol id="sm-cf4">
         <name>_ZN10__cxxabiv123__fundamental_type_infoD1Ev</name>
         <value>0x28d7</value>
         <object_component_ref idref="oc-6ec"/>
      </symbol>
      <symbol id="sm-cf5">
         <name>_ZTSN10__cxxabiv119__pointer_type_infoE</name>
         <value>0x4301</value>
         <object_component_ref idref="oc-8ae"/>
      </symbol>
      <symbol id="sm-cf6">
         <name>_ZN10__cxxabiv121__vmi_class_type_infoD2Ev</name>
         <value>0x28e1</value>
         <object_component_ref idref="oc-6ec"/>
      </symbol>
      <symbol id="sm-cf7">
         <name>_ZTSN10__cxxabiv117__class_type_infoE</name>
         <value>0x4325</value>
         <object_component_ref idref="oc-7e4"/>
      </symbol>
      <symbol id="sm-cf8">
         <name>_ZN10__cxxabiv120__function_type_infoD2Ev</name>
         <value>0x28f5</value>
         <object_component_ref idref="oc-6ec"/>
      </symbol>
      <symbol id="sm-cf9">
         <name>_ZN10__cxxabiv117__class_type_infoD2Ev</name>
         <value>0x2913</value>
         <object_component_ref idref="oc-6ec"/>
      </symbol>
      <symbol id="sm-cfa">
         <name>_ZN10__cxxabiv116__enum_type_infoD2Ev</name>
         <value>0x2927</value>
         <object_component_ref idref="oc-6ec"/>
      </symbol>
      <symbol id="sm-cfb">
         <name>_ZN10__cxxabiv119__pointer_type_infoD2Ev</name>
         <value>0x28ff</value>
         <object_component_ref idref="oc-6ec"/>
      </symbol>
      <symbol id="sm-cfc">
         <name>_ZN10__cxxabiv120__si_class_type_infoD2Ev</name>
         <value>0x28eb</value>
         <object_component_ref idref="oc-6ec"/>
      </symbol>
      <symbol id="sm-cfd">
         <name>_ZN10__cxxabiv117__pbase_type_infoD2Ev</name>
         <value>0x2909</value>
         <object_component_ref idref="oc-6ec"/>
      </symbol>
      <symbol id="sm-cfe">
         <name>_ZTVN10__cxxabiv117__class_type_infoE</name>
         <value>0x44dc</value>
         <object_component_ref idref="oc-6b0"/>
      </symbol>
      <symbol id="sm-cff">
         <name>_ZN10__cxxabiv117__array_type_infoD2Ev</name>
         <value>0x291d</value>
         <object_component_ref idref="oc-6ec"/>
      </symbol>
      <symbol id="sm-d00">
         <name>_ZNSt9type_infoD1Ev</name>
         <value>0x2885</value>
         <object_component_ref idref="oc-6ec"/>
      </symbol>
      <symbol id="sm-d01">
         <name>_ZTIN10__cxxabiv123__fundamental_type_infoE</name>
         <value>0x45d4</value>
         <object_component_ref idref="oc-8b8"/>
      </symbol>
      <symbol id="sm-d02">
         <name>_ZTISt9type_info</name>
         <value>0x4654</value>
         <object_component_ref idref="oc-7e9"/>
      </symbol>
      <symbol id="sm-d03">
         <name>_ZN10__cxxabiv123__fundamental_type_infoD0Ev</name>
         <value>0x28d9</value>
         <object_component_ref idref="oc-6ec"/>
      </symbol>
      <symbol id="sm-d04">
         <name>_ZTIN10__cxxabiv117__pbase_type_infoE</name>
         <value>0x45b0</value>
         <object_component_ref idref="oc-8b3"/>
      </symbol>
      <symbol id="sm-d05">
         <name>_ZTSe</name>
         <value>0x4369</value>
         <object_component_ref idref="oc-88e"/>
      </symbol>
      <symbol id="sm-d06">
         <name>_ZNKSt9type_info4nameEv</name>
         <value>0x288f</value>
         <object_component_ref idref="oc-6ec"/>
      </symbol>
      <symbol id="sm-d07">
         <name>_ZTIN10__cxxabiv117__class_type_infoE</name>
         <value>0x45a4</value>
         <object_component_ref idref="oc-742"/>
      </symbol>
      <symbol id="sm-d08">
         <name>_ZN10__cxxabiv129__pointer_to_member_type_infoD0Ev</name>
         <value>0x28cf</value>
         <object_component_ref idref="oc-6ec"/>
      </symbol>
      <symbol id="sm-d09">
         <name>_ZN10__cxxabiv120__si_class_type_infoD1Ev</name>
         <value>0x28eb</value>
         <object_component_ref idref="oc-6ec"/>
      </symbol>
      <symbol id="sm-d0a">
         <name>_ZTIN10__cxxabiv120__si_class_type_infoE</name>
         <value>0x45c8</value>
         <object_component_ref idref="oc-6e7"/>
      </symbol>
      <symbol id="sm-d0b">
         <name>_ZNSt9type_infoD0Ev</name>
         <value>0x2887</value>
         <object_component_ref idref="oc-6ec"/>
      </symbol>
      <symbol id="sm-d0c">
         <name>_ZN10__cxxabiv120__function_type_infoD0Ev</name>
         <value>0x28f7</value>
         <object_component_ref idref="oc-6ec"/>
      </symbol>
      <symbol id="sm-d0d">
         <name>_ZN10__cxxabiv117__class_type_infoD0Ev</name>
         <value>0x2915</value>
         <object_component_ref idref="oc-6ec"/>
      </symbol>
      <symbol id="sm-d0e">
         <name>_ZTSN10__cxxabiv117__pbase_type_infoE</name>
         <value>0x4347</value>
         <object_component_ref idref="oc-8c7"/>
      </symbol>
      <symbol id="sm-d0f">
         <name>_ZN10__cxxabiv116__enum_type_infoD0Ev</name>
         <value>0x2929</value>
         <object_component_ref idref="oc-6ec"/>
      </symbol>
      <symbol id="sm-d10">
         <name>_ZTIe</name>
         <value>0x465c</value>
         <object_component_ref idref="oc-825"/>
      </symbol>
      <symbol id="sm-d11">
         <name>_ZN10__cxxabiv121__vmi_class_type_infoD0Ev</name>
         <value>0x28e3</value>
         <object_component_ref idref="oc-6ec"/>
      </symbol>
      <symbol id="sm-d12">
         <name>_ZTVN10__cxxabiv120__si_class_type_infoE</name>
         <value>0x44fc</value>
         <object_component_ref idref="oc-640"/>
      </symbol>
      <symbol id="sm-d13">
         <name>_ZN10__cxxabiv117__pbase_type_infoD0Ev</name>
         <value>0x290b</value>
         <object_component_ref idref="oc-6ec"/>
      </symbol>
      <symbol id="sm-d14">
         <name>_ZN10__cxxabiv117__array_type_infoD0Ev</name>
         <value>0x291f</value>
         <object_component_ref idref="oc-6ec"/>
      </symbol>
      <symbol id="sm-d15">
         <name>_ZSt21__gen_dummy_typeinfosv</name>
         <value>0x287d</value>
         <object_component_ref idref="oc-6ec"/>
      </symbol>
      <symbol id="sm-d16">
         <name>_ZN10__cxxabiv129__pointer_to_member_type_infoD1Ev</name>
         <value>0x28cd</value>
         <object_component_ref idref="oc-6ec"/>
      </symbol>
      <symbol id="sm-d17">
         <name>_ZN10__cxxabiv119__pointer_type_infoD0Ev</name>
         <value>0x2901</value>
         <object_component_ref idref="oc-6ec"/>
      </symbol>
      <symbol id="sm-d18">
         <name>_ZN10__cxxabiv120__si_class_type_infoD0Ev</name>
         <value>0x28ed</value>
         <object_component_ref idref="oc-6ec"/>
      </symbol>
      <symbol id="sm-d19">
         <name>_ZTIPKe</name>
         <value>0x447c</value>
         <object_component_ref idref="oc-787"/>
      </symbol>
      <symbol id="sm-d1a">
         <name>_ZNKSt9type_infoeqERKS_</name>
         <value>0x28a9</value>
         <object_component_ref idref="oc-6ec"/>
      </symbol>
      <symbol id="sm-d2c">
         <name>__aeabi_uidivmod</name>
         <value>0x39d1</value>
         <object_component_ref idref="oc-5c8"/>
      </symbol>
      <symbol id="sm-d2d">
         <name>__aeabi_uidiv</name>
         <value>0x39d1</value>
         <object_component_ref idref="oc-5c8"/>
      </symbol>
      <symbol id="sm-d35">
         <name>_new_handler</name>
         <value>0x200044ac</value>
         <object_component_ref idref="oc-44d"/>
      </symbol>
      <symbol id="sm-d4e">
         <name>_nop</name>
         <value>0x3fa7</value>
         <object_component_ref idref="oc-160"/>
      </symbol>
      <symbol id="sm-d4f">
         <name>_lock</name>
         <value>0x2000447c</value>
         <object_component_ref idref="oc-e0"/>
      </symbol>
      <symbol id="sm-d50">
         <name>_unlock</name>
         <value>0x20004480</value>
         <object_component_ref idref="oc-e0"/>
      </symbol>
      <symbol id="sm-d51">
         <name>_register_lock</name>
         <value>0x3f9f</value>
         <object_component_ref idref="oc-160"/>
      </symbol>
      <symbol id="sm-d52">
         <name>_register_unlock</name>
         <value>0x3f99</value>
         <object_component_ref idref="oc-160"/>
      </symbol>
      <symbol id="sm-d67">
         <name>_args_main</name>
         <value>0x3ea5</value>
         <object_component_ref idref="oc-84"/>
      </symbol>
      <symbol id="sm-d8d">
         <name>__TI_auto_init</name>
         <value>0x30e1</value>
         <object_component_ref idref="oc-7e"/>
      </symbol>
      <symbol id="sm-da7">
         <name>copy_in</name>
         <value>0x3869</value>
         <object_component_ref idref="oc-d0"/>
      </symbol>
      <symbol id="sm-dc5">
         <name>__aeabi_stdout</name>
         <value>0x20004468</value>
         <object_component_ref idref="oc-6c5"/>
      </symbol>
      <symbol id="sm-dc6">
         <name>__TI_tmpnams</name>
         <value>0x20003cf8</value>
         <object_component_ref idref="oc-8a7"/>
      </symbol>
      <symbol id="sm-dc7">
         <name>__aeabi_stderr</name>
         <value>0x2000446c</value>
         <object_component_ref idref="oc-6c5"/>
      </symbol>
      <symbol id="sm-dc8">
         <name>__aeabi_stdin</name>
         <value>0x20004464</value>
         <object_component_ref idref="oc-6c5"/>
      </symbol>
      <symbol id="sm-dc9">
         <name>_ftable</name>
         <value>0x20004250</value>
         <object_component_ref idref="oc-61f"/>
      </symbol>
      <symbol id="sm-dca">
         <name>__TI_ft_end</name>
         <value>0x20004460</value>
         <object_component_ref idref="oc-6c5"/>
      </symbol>
      <symbol id="sm-de4">
         <name>__TI_doflush</name>
         <value>0x2579</value>
         <object_component_ref idref="oc-613"/>
      </symbol>
      <symbol id="sm-de5">
         <name>fflush</name>
         <value>0x25c5</value>
         <object_component_ref idref="oc-613"/>
      </symbol>
      <symbol id="sm-e07">
         <name>puts</name>
         <value>0x1abd</value>
         <object_component_ref idref="oc-619"/>
      </symbol>
      <symbol id="sm-e08">
         <name>fputs</name>
         <value>0x19b1</value>
         <object_component_ref idref="oc-619"/>
      </symbol>
      <symbol id="sm-e12">
         <name>__aeabi_idiv0</name>
         <value>0x31b7</value>
         <object_component_ref idref="oc-6a5"/>
      </symbol>
      <symbol id="sm-e69">
         <name>open</name>
         <value>0x115f</value>
         <object_component_ref idref="oc-6bf"/>
      </symbol>
      <symbol id="sm-e6a">
         <name>add_device</name>
         <value>0x1281</value>
         <object_component_ref idref="oc-6bf"/>
      </symbol>
      <symbol id="sm-e6b">
         <name>remove_device</name>
         <value>0x1113</value>
         <object_component_ref idref="oc-6bf"/>
      </symbol>
      <symbol id="sm-e6c">
         <name>lseek</name>
         <value>0x120d</value>
         <object_component_ref idref="oc-6bf"/>
      </symbol>
      <symbol id="sm-e6d">
         <name>read</name>
         <value>0x113b</value>
         <object_component_ref idref="oc-6bf"/>
      </symbol>
      <symbol id="sm-e6e">
         <name>rename</name>
         <value>0x10d5</value>
         <object_component_ref idref="oc-6bf"/>
      </symbol>
      <symbol id="sm-e6f">
         <name>write</name>
         <value>0x1021</value>
         <object_component_ref idref="oc-6bf"/>
      </symbol>
      <symbol id="sm-e70">
         <name>close</name>
         <value>0x1231</value>
         <object_component_ref idref="oc-6bf"/>
      </symbol>
      <symbol id="sm-e71">
         <name>unlink</name>
         <value>0x10b1</value>
         <object_component_ref idref="oc-6bf"/>
      </symbol>
      <symbol id="sm-e81">
         <name>memchr</name>
         <value>0x3dc1</value>
         <object_component_ref idref="oc-6d0"/>
      </symbol>
      <symbol id="sm-e89">
         <name>_ZSt14_Raise_handler</name>
         <value>0x200044a4</value>
         <object_component_ref idref="oc-53d"/>
      </symbol>
      <symbol id="sm-e99">
         <name>strchr</name>
         <value>0x3f1d</value>
         <object_component_ref idref="oc-74d"/>
      </symbol>
      <symbol id="sm-ea8">
         <name>strcmp</name>
         <value>0x3ebd</value>
         <object_component_ref idref="oc-747"/>
      </symbol>
      <symbol id="sm-eb8">
         <name>strncpy</name>
         <value>0x3ba5</value>
         <object_component_ref idref="oc-753"/>
      </symbol>
      <symbol id="sm-ed9">
         <name>HOSTgetenv</name>
         <value>0x1543</value>
         <object_component_ref idref="oc-7f4"/>
      </symbol>
      <symbol id="sm-eda">
         <name>HOSTrename</name>
         <value>0x13eb</value>
         <object_component_ref idref="oc-7f4"/>
      </symbol>
      <symbol id="sm-edb">
         <name>HOSTclose</name>
         <value>0x1581</value>
         <object_component_ref idref="oc-7f4"/>
      </symbol>
      <symbol id="sm-edc">
         <name>HOSTunlink</name>
         <value>0x1379</value>
         <object_component_ref idref="oc-7f4"/>
      </symbol>
      <symbol id="sm-edd">
         <name>HOSTlseek</name>
         <value>0x14e7</value>
         <object_component_ref idref="oc-7f4"/>
      </symbol>
      <symbol id="sm-ede">
         <name>HOSTopen</name>
         <value>0x1495</value>
         <object_component_ref idref="oc-7f4"/>
      </symbol>
      <symbol id="sm-edf">
         <name>HOSTclock</name>
         <value>0x15b9</value>
         <object_component_ref idref="oc-7f4"/>
      </symbol>
      <symbol id="sm-ee0">
         <name>HOSTwrite</name>
         <value>0x132d</value>
         <object_component_ref idref="oc-7f4"/>
      </symbol>
      <symbol id="sm-ee1">
         <name>HOSTread</name>
         <value>0x1449</value>
         <object_component_ref idref="oc-7f4"/>
      </symbol>
      <symbol id="sm-ee2">
         <name>HOSTtime</name>
         <value>0x13b1</value>
         <object_component_ref idref="oc-7f4"/>
      </symbol>
      <symbol id="sm-efd">
         <name>__TI_readmsg</name>
         <value>0x31eb</value>
         <object_component_ref idref="oc-862"/>
      </symbol>
      <symbol id="sm-efe">
         <name>C$$IO$$</name>
         <value>0x31e7</value>
         <object_component_ref idref="oc-862"/>
      </symbol>
      <symbol id="sm-eff">
         <name>__CIOBUF_</name>
         <value>0x20003bd8</value>
         <object_component_ref idref="oc-89e"/>
      </symbol>
      <symbol id="sm-f00">
         <name>__TI_writemsg</name>
         <value>0x31b9</value>
         <object_component_ref idref="oc-862"/>
      </symbol>
      <symbol id="sm-f1e">
         <name>__TI_wrt_ok</name>
         <value>0x2939</value>
         <object_component_ref idref="oc-6ca"/>
      </symbol>
      <symbol id="sm-f1f">
         <name>__TI_rd_ok</name>
         <value>0x299b</value>
         <object_component_ref idref="oc-6ca"/>
      </symbol>
      <symbol id="sm-f31">
         <name>fseek</name>
         <value>0x3285</value>
         <object_component_ref idref="oc-76d"/>
      </symbol>
      <symbol id="sm-f4d">
         <name>setvbuf</name>
         <value>0x23c9</value>
         <object_component_ref idref="oc-773"/>
      </symbol>
      <symbol id="sm-f5b">
         <name>strcpy</name>
         <value>0x3fad</value>
         <object_component_ref idref="oc-868"/>
      </symbol>
      <symbol id="sm-f8d">
         <name>__TI_cleanup</name>
         <value>0x18b5</value>
         <object_component_ref idref="oc-80a"/>
      </symbol>
      <symbol id="sm-f8e">
         <name>freopen</name>
         <value>0x18e1</value>
         <object_component_ref idref="oc-80a"/>
      </symbol>
      <symbol id="sm-f8f">
         <name>fopen</name>
         <value>0x190b</value>
         <object_component_ref idref="oc-80a"/>
      </symbol>
      <symbol id="sm-fa5">
         <name>__TI_closefile</name>
         <value>0x2a81</value>
         <object_component_ref idref="oc-879"/>
      </symbol>
      <symbol id="sm-fa6">
         <name>fclose</name>
         <value>0x2ae7</value>
         <object_component_ref idref="oc-879"/>
      </symbol>
      <symbol id="sm-fb5">
         <name>UARTClockSourceSet</name>
         <value>0x4199</value>
         <object_component_ref idref="oc-19e"/>
      </symbol>
      <symbol id="sm-fb8">
         <name>__TI_static_base__</name>
         <value>0x0</value>
      </symbol>
      <symbol id="sm-fbb">
         <name>SHT$$INIT_ARRAY$$Limit</name>
         <value>0x0</value>
      </symbol>
      <symbol id="sm-fbc">
         <name>SHT$$INIT_ARRAY$$Base</name>
         <value>0x0</value>
      </symbol>
      <symbol id="sm-fbd">
         <name>remove</name>
         <value>0x10b1</value>
      </symbol>
   </symbol_table>
   <title>Link successful</title>
</link_info>
